

=====================================================================
== C:\Users\Administrator\Desktop\overpoch\arma2oaserveroverpoch.exe
== "arma2oaserveroverpoch.exe"  -ip=78.31.67.100 -port=6300 -noPause  "-config=instance_11_Chernarus\config.cfg" "-cfg=instance_11_Chernarus\basic.cfg" "-profiles=instance_11_Chernarus" -name=instance_11_Chernarus "-mod=@DayzOverwatch;@DayZ_Epoch;@DayZ_Epoch_Server;"
=====================================================================
Exe timestamp: 2016/12/12 13:39:47
Current time:  2017/03/03 13:54:09

Version 1.63.131129
Item STR_EQUIP_NAME_41 listed twice
Item STR_EQUIP_DESC_41 listed twice
Conflicting addon Monaro in 'holdenmonarocop\', previous definition in 'holdenmonaro\'
File nissan_350z\config.cpp, line 244: '/CfgVehicles/350zBase/Library.libTextDesc': Missing ';' prior '}'
Unsupported language English in stringtable
Unknown entity: 'C inatallations and equipment, fuel and ammunition storage facilities and parked tactical aircraft. The original BS-1 system was designed for the 7.62mm Kalashnikov AKMS assault rifle with PBS-1 silencers. When the Soviet army switched over to 5.45x39mm ammunition, they were replaced with AKS-74UB compact assault rifles with PBS-4 silencers. The original GSN-19 grenade launcher system was slightly reworked, primarily to use different launching ammunition new mounting brackets better suited
Unknown entity: 'C equipment, and then cause enough damage to render the target inoperative. The grenade has no propelling system in itself, instead being launched by special blank cartridges which are loaded into a detachable box magazine.</German>
		<English>From world.guns.ru: &lt'
Unknown entity: 'C inatallations and equipment, fuel and ammunition storage facilities and parked tactical aircraft. The original BS-1 system was designed for the 7.62mm Kalashnikov AKMS assault rifle with PBS-1 silencers. When the Soviet army switched over to 5.45x39mm ammunition, they were replaced with AKS-74UB compact assault rifles with PBS-4 silencers. The original GSN-19 grenade launcher system was slightly reworked, primarily to use different launching ammunition new mounting brackets better suited
Unknown entity: 'C equipment, and then cause enough damage to render the target inoperative. The grenade has no propelling system in itself, instead being launched by special blank cartridges which are loaded into a detachable box magazine.</English>
		<Italian>From world.guns.ru: &lt'
Unknown entity: 'C inatallations and equipment, fuel and ammunition storage facilities and parked tactical aircraft. The original BS-1 system was designed for the 7.62mm Kalashnikov AKMS assault rifle with PBS-1 silencers. When the Soviet army switched over to 5.45x39mm ammunition, they were replaced with AKS-74UB compact assault rifles with PBS-4 silencers. The original GSN-19 grenade launcher system was slightly reworked, primarily to use different launching ammunition new mounting brackets better suited
Unknown entity: 'C equipment, and then cause enough damage to render the target inoperative. The grenade has no propelling system in itself, instead being launched by special blank cartridges which are loaded into a detachable box magazine.</Italian>
		<Spanish>From world.guns.ru: &lt'
Unknown entity: 'C inatallations and equipment, fuel and ammunition storage facilities and parked tactical aircraft. The original BS-1 system was designed for the 7.62mm Kalashnikov AKMS assault rifle with PBS-1 silencers. When the Soviet army switched over to 5.45x39mm ammunition, they were replaced with AKS-74UB compact assault rifles with PBS-4 silencers. The original GSN-19 grenade launcher system was slightly reworked, primarily to use different launching ammunition new mounting brackets better suited
Unknown entity: 'C equipment, and then cause enough damage to render the target inoperative. The grenade has no propelling system in itself, instead being launched by special blank cartridges which are loaded into a detachable box magazine.</Spanish>
		<French>From world.guns.ru: &lt'
Unknown entity: 'C inatallations and equipment, fuel and ammunition storage facilities and parked tactical aircraft. The original BS-1 system was designed for the 7.62mm Kalashnikov AKMS assault rifle with PBS-1 silencers. When the Soviet army switched over to 5.45x39mm ammunition, the AKMS assault rifles with PBS-1 silencer were replaced with AKS-74UB compact assault rifles with PBS-4 silencers. The original GSN-19 grenade launcher system was slightly reworked, primarily to use different launching ammunit
Unknown entity: 'C equipment, and then cause enough damage to render the target inoperative. The grenade has no propelling system in itself, instead being launched by special blank cartridges which are loaded into a detachable box magazine.</French>
		<Czech>From world.guns.ru: &lt'
Unknown entity: 'C inatallations and equipment, fuel and ammunition storage facilities and parked tactical aircraft. The original BS-1 system was designed for the 7.62mm Kalashnikov AKMS assault rifle with PBS-1 silencers. When the Soviet army switched over to 5.45x39mm ammunition, the AKMS assault rifles with PBS-1 silencer were replaced with AKS-74UB compact assault rifles with PBS-4 silencers. The original GSN-19 grenade launcher system was slightly reworked, primarily to use different launching ammunit
Unknown entity: 'C equipment, and then cause enough damage to render the target inoperative. The grenade has no propelling system in itself, instead being launched by special blank cartridges which are loaded into a detachable box magazine.</Czech>
		<Russian>From world.guns.ru: &lt'
Unknown entity: 'C inatallations and equipment, fuel and ammunition storage facilities and parked tactical aircraft. The original BS-1 system was designed for the 7.62mm Kalashnikov AKMS assault rifle with PBS-1 silencers. When the Soviet army switched over to 5.45x39mm ammunition, the AKMS assault rifles with PBS-1 silencer were replaced with AKS-74UB compact assault rifles with PBS-4 silencers. The original GSN-19 grenade launcher system was slightly reworked, primarily to use different launching ammunit
Unknown entity: 'C equipment, and then cause enough damage to render the target inoperative. The grenade has no propelling system in itself, instead being launched by special blank cartridges which are loaded into a detachable box magazine.</Russian>
		<Polish>From world.guns.ru: &lt'
Unknown entity: 'C inatallations and equipment, fuel and ammunition storage facilities and parked tactical aircraft. The original BS-1 system was designed for the 7.62mm Kalashnikov AKMS assault rifle with PBS-1 silencers. When the Soviet army switched over to 5.45x39mm ammunition, the AKMS assault rifles with PBS-1 silencer were replaced with AKS-74UB compact assault rifles with PBS-4 silencers. The original GSN-19 grenade launcher system was slightly reworked, primarily to use different launching ammunit
Unknown entity: 'C equipment, and then cause enough damage to render the target inoperative. The grenade has no propelling system in itself, instead being launched by special blank cartridges which are loaded into a detachable box magazine.</Polish>
		<Hungarian>From world.guns.ru: &lt'
Unknown entity: 'C inatallations and equipment, fuel and ammunition storage facilities and parked tactical aircraft. The original BS-1 system was designed for the 7.62mm Kalashnikov AKMS assault rifle with PBS-1 silencers. When the Soviet army switched over to 5.45x39mm ammunition, the AKMS assault rifles with PBS-1 silencer were replaced with AKS-74UB compact assault rifles with PBS-4 silencers. The original GSN-19 grenade launcher system was slightly reworked, primarily to use different launching ammunit
Unknown entity: 'C equipment, and then cause enough damage to render the target inoperative. The grenade has no propelling system in itself, instead being launched by special blank cartridges which are loaded into a detachable box magazine.</Hungarian>
    </Key>
    <Key ID="STR_VIL_AKS74UB_BS1_SHORT">
      <German>Compact assault rifle with silenced grenade launcher&lt'
Item STR_VIL_DN_BS1 listed twice
Item STR_AUTHOR_VILAS listed twice
Item STR_VIL_EASTERN listed twice
Item STR_VIL_WEAPONS listed twice
Item str_dss_10rnd_vss listed twice
Item str_dss_20rnd_vss listed twice
Item str_dn_20rnd_9x39_sp5_vss listed twice
Item str_dn_ak_107_gl_pso listed twice
Item str_dn_ak_107_kobra listed twice
Item str_dn_M40A3 listed twice
Item str_dn_rpk_74 listed twice
Item str_ep1_dn_fn_fal listed twice
Updating base class ->NonStrategic, by ca\config.bin/CfgVehicles/HouseBase/
Updating base class ->HouseBase, by ca\config.bin/CfgVehicles/Ruins/
Updating base class ->DestructionEffects, by ca\config.bin/CfgVehicles/House/DestructionEffects/
Updating base class ->FlagCarrierCore, by ca\ca_pmc\config.bin/CfgVehicles/FlagCarrier/
Updating base class ->Car, by holdenmonaro\config.bin/CfgVehicles/Car_sedan/
Updating base class ->Man, by nof_fsk\config.cpp/CfgVehicles/CAManBase/
Updating base class ->BulletCore, by ca\weapons\config.bin/CfgAmmo/BulletBase/
Updating base class ->GrenadeCore, by ca\weapons\config.bin/CfgAmmo/GrenadeBase/
Updating base class ->VehicleMagazine, by ca\weapons\config.bin/CfgMagazines/14Rnd_FFAR/
Updating base class ->PistolCore, by ca\weapons\config.bin/cfgWeapons/Pistol/
Updating base class ->Default, by ca\weapons\config.bin/cfgWeapons/GrenadeLauncher/
Updating base class ->RifleCore, by ca\weapons\config.bin/cfgWeapons/Rifle/
Updating base class ->LauncherCore, by ca\weapons\config.bin/cfgWeapons/RocketPods/
Updating base class ->RocketPods, by ca\weapons\config.bin/cfgWeapons/FFARLauncher/
Updating base class ->Default, by ca\weapons\config.bin/cfgWeapons/ItemCore/
Updating base class ->Bag_Base_EP1, by ca\weapons_e\ammoboxes\config.bin/cfgVehicles/US_Patrol_Pack_EP1/
Updating base class ->Bag_Base_EP1, by ca\weapons_e\ammoboxes\config.bin/cfgVehicles/US_Backpack_EP1/
Updating base class ->Bag_Base_EP1, by ca\weapons_e\ammoboxes\config.bin/cfgVehicles/CZ_Backpack_EP1/
Updating base class Man->CAManBase, by ca\characters\config.bin/CfgVehicles/Civilian/
Updating base class TalkTopics->TalkTopics, by bb_mercs_desert\config.bin/CfgVehicles/SoldierWB/TalkTopics/
Updating base class ->USMC_Soldier_Base, by ca\characters2\config.bin/CfgVehicles/USMC_Soldier/
Updating base class ->USMC_Soldier_Base, by ca\characters2\config.bin/CfgVehicles/USMC_Soldier_Light/
Updating base class ->USMC_Soldier_Base, by ca\characters2\config.bin/CfgVehicles/USMC_Soldier2/
Updating base class ->USMC_Soldier_Base, by ca\characters2\config.bin/CfgVehicles/USMC_Soldier_GL/
Updating base class ->USMC_Soldier_Base, by ca\characters2\config.bin/CfgVehicles/USMC_Soldier_Officer/
Updating base class ->USMC_Soldier_Base, by ca\characters2\config.bin/CfgVehicles/USMC_Soldier_SL/
Updating base class ->USMC_Soldier_Base, by ca\characters2\config.bin/CfgVehicles/USMC_Soldier_TL/
Updating base class ->USMC_Soldier_AT_Base, by ca\characters2\config.bin/CfgVehicles/USMC_Soldier_LAT/
Updating base class ->USMC_Soldier_AT_Base, by ca\characters2\config.bin/CfgVehicles/USMC_Soldier_AT/
Updating base class ->USMC_Soldier_AT_Base, by ca\characters2\config.bin/CfgVehicles/USMC_Soldier_HAT/
Updating base class ->USMC_Soldier_AT_Base, by ca\characters2\config.bin/CfgVehicles/USMC_Soldier_AA/
Updating base class ->USMC_Soldier_Base, by ca\characters2\config.bin/CfgVehicles/USMC_Soldier_Medic/
Updating base class ->USMC_Soldier_Base, by ca\characters2\config.bin/CfgVehicles/USMC_Soldier_AR/
Updating base class ->USMC_Soldier_Base, by ca\characters2\config.bin/CfgVehicles/USMC_Soldier_MG/
Updating base class ->USMC_SoldierS_Sniper, by ca\characters2\config.bin/CfgVehicles/USMC_SoldierS_SniperH/
Updating base class ->USMC_Soldier_Base, by ca\characters2\config.bin/CfgVehicles/USMC_SoldierM_Marksman/
Updating base class ->USMC_Soldier_Base, by ca\characters2\config.bin/CfgVehicles/USMC_SoldierS/
Updating base class ->USMC_Soldier_Base, by ca\characters2\config.bin/CfgVehicles/USMC_SoldierS_Engineer/
Updating base class ->FR_Base, by ca\characters2\config.bin/CfgVehicles/FR_TL/
Updating base class ->FR_Base, by ca\characters2\config.bin/CfgVehicles/FR_R/
Updating base class ->FR_Base, by ca\characters2\config.bin/CfgVehicles/FR_Marksman/
Updating base class ->FR_Base, by ca\characters2\config.bin/CfgVehicles/FR_Corpsman/
Updating base class ->FR_Base, by ca\characters2\config.bin/CfgVehicles/FR_AR/
Updating base class ->FR_Base, by ca\characters2\config.bin/CfgVehicles/FR_GL/
Updating base class ->FR_Base, by ca\characters2\config.bin/CfgVehicles/FR_Sapper/
Updating base class ->FR_Base, by ca\characters2\config.bin/CfgVehicles/FR_AC/
Updating base class ->RU_Soldier_Base, by ca\characters2\config.bin/CfgVehicles/RU_Soldier2/
Updating base class Soldier->MVD_Soldier_Base, by ca\characters2\config.bin/CfgVehicles/MVD_Soldier/
Updating base class ->Citizen, by ca\characters2\config.bin/CfgVehicles/Citizen1/
Updating base class ->US_Soldier_Base_EP1, by ca\characters_e\config.bin/CfgVehicles/US_Delta_Force_EP1/
Updating base class ->US_Soldier_Base_EP1, by ca\characters_e\config.bin/CfgVehicles/US_Delta_Force_TL_EP1/
Updating base class ->US_Delta_Force_EP1, by ca\characters_e\config.bin/CfgVehicles/US_Delta_Force_Medic_EP1/
Updating base class ->US_Delta_Force_EP1, by ca\characters_e\config.bin/CfgVehicles/US_Delta_Force_AR_EP1/
Updating base class ->US_Delta_Force_EP1, by ca\characters_e\config.bin/CfgVehicles/US_Delta_Force_Marksman_EP1/
Updating base class ->US_Delta_Force_EP1, by ca\characters_e\config.bin/CfgVehicles/US_Delta_Force_Air_Controller_EP1/
Updating base class ->HMMWV_Base, by ca\wheeled\config.bin/CfgVehicles/HMMWV_M2/
Updating base class ->HMMWV_Base, by ca\wheeled\config.bin/CfgVehicles/HMMWV_TOW/
Updating base class ->HMMWV_Base, by ca\wheeled\config.bin/CfgVehicles/HMMWV_MK19/
Updating base class Car->SkodaBase, by ca\wheeled\config.bin/CfgVehicles/car_sedan/
Updating base class ->Pickup_PK_base, by ca\wheeled\datsun_armed\config.bin/CfgVehicles/Pickup_PK_GUE/
Updating base class ->Offroad_DSHKM_base, by ca\wheeled\hilux_armed\config.bin/CfgVehicles/Offroad_DSHKM_Gue/
Updating base class ->Offroad_DSHKM_base, by ca\wheeled\hilux_armed\config.bin/CfgVehicles/Offroad_SPG9_Gue/
Updating base class ->UH60_Base, by ca\air\config.bin/CfgVehicles/MH60S/
Updating base class ->House, by ca\misc3\config.bin/CfgVehicles/Land_Fire/
Updating base class ->House, by ca\misc3\config.bin/CfgVehicles/Land_A_tent/
Updating base class ->Camp_base, by ca\misc3\config.bin/CfgVehicles/ACamp/
Updating base class ->Car, by ca\wheeled2\lada\config.bin/CfgVehicles/Lada_base/
Updating base class StreetLamp_EP1->StreetLamp, by z\addons\dayz_code\config.bin/CfgNonAIVehicles/Land_Lamp_Small_EP1/
Updating base class StreetLamp_EP1->StreetLamp, by z\addons\dayz_code\config.bin/CfgNonAIVehicles/Land_Lamp_Street1_EP1/
Updating base class StreetLamp_EP1->StreetLamp, by z\addons\dayz_code\config.bin/CfgNonAIVehicles/Land_Lamp_Street2_EP1/
Updating base class StreetLamp_EP1->StreetLamp, by z\addons\dayz_code\config.bin/CfgNonAIVehicles/Land_Lampa_Ind_EP1/
Updating base class StreetLamp_EP1->StreetLamp, by z\addons\dayz_code\config.bin/CfgNonAIVehicles/Land_PowLines_Conc2L_EP1/
Updating base class StreetLamp_BaseMediumOrange->StreetLamp, by z\addons\dayz_code\config.bin/CfgNonAIVehicles/Land_lampa_sidl/
Updating base class StreetLamp_BaseMediumOrange->StreetLamp, by z\addons\dayz_code\config.bin/CfgNonAIVehicles/Land_lampa_sidl_2/
Updating base class StreetLamp_BaseMediumOrange->StreetLamp, by z\addons\dayz_code\config.bin/CfgNonAIVehicles/Land_lampa_sidl_3/
Updating base class StreetLamp_BaseWeakYellow->StreetLamp, by z\addons\dayz_code\config.bin/CfgNonAIVehicles/Land_lampa_ind/
Updating base class StreetLamp_BaseWeakYellow->StreetLamp, by z\addons\dayz_code\config.bin/CfgNonAIVehicles/Land_lampa_ind_zebr/
Updating base class RscStandardDisplay->, by z\addons\dayz_code\config.bin/RscDisplayStart/
Updating base class RscShortcutButton->RscShortcutButtonMain, by z\addons\dayz_code\config.bin/RscDisplayMain/controls/CA_Exit/
Updating base class RscText->, by z\addons\dayz_code\config.bin/RscTitles/Default/
Updating base class zZombie_Base->zZombie_new_Base, by z\addons\dayz_code\config.bin/CfgVehicles/z_villager1/
Updating base class zZombie_Base->zZombie_new_Base, by z\addons\dayz_code\config.bin/CfgVehicles/z_worker1/
Updating base class Soldier_Crew_PMC->Soldier_Bodyguard_M4_PMC, by z\addons\dayz_code\config.bin/CfgVehicles/SurvivorW2_DZ/
Updating base class HighCommand->Logic, by z\addons\dayz_code\config.bin/CfgVehicles/HighCommandSubordinate/
Updating base class ->ViewOptics, by z\addons\dayz_code\config.bin/CfgVehicles/Mi17_base/Turrets/MainTurret/ViewOptics/
Updating base class HouseBase->, by z\addons\dayz_code\config.bin/CfgVehicles/House/
Updating base class NonStrategic->BuiltItems, by z\addons\dayz_code\config.bin/CfgVehicles/Fort_RazorWire/
Updating base class MeleeHatchet->MeleeWeapon, by z\addons\dayz_code\config.bin/CfgWeapons/MeleeCrowbar/
Updating base class Default->OW_Nope, by z\addons\dayz_code\config.bin/CfgFaces/Man/Merc_Face1/
Updating base class Default->OW_Nope, by z\addons\dayz_code\config.bin/CfgFaces/Man/Merc_Face2/
Updating base class Default->OW_Nope, by z\addons\dayz_code\config.bin/CfgFaces/Man/Merc_Face3/
Updating base class Default->OW_Nope, by z\addons\dayz_code\config.bin/CfgFaces/Man/Merc_Face4/
Updating base class Default->OW_Nope, by z\addons\dayz_code\config.bin/CfgFaces/Man/Merc_Face5/
Updating base class Default->OW_Nope, by z\addons\dayz_code\config.bin/CfgFaces/Man/Merc_Face5_camo/
Updating base class Default->OW_Nope, by z\addons\dayz_code\config.bin/CfgFaces/Man/Merc_Face6/
Updating base class Default->OW_Nope, by z\addons\dayz_code\config.bin/CfgFaces/Man/Merc_Face6_camo/
Updating base class Default->OW_Nope, by z\addons\dayz_code\config.bin/CfgFaces/Man/Merc_Face7/
Updating base class Default->OW_Nope, by z\addons\dayz_code\config.bin/CfgFaces/Man/Merc_Face8/
Updating base class Default->OW_Nope, by z\addons\dayz_code\config.bin/CfgFaces/Man/Merc_Face8_camo/
Updating base class Default->OW_Nope, by z\addons\dayz_code\config.bin/CfgFaces/Man/Merc_Face9/
Updating base class Default->OW_Nope, by z\addons\dayz_code\config.bin/CfgFaces/Man/Merc_Face10/
Updating base class Default->OW_Nope, by z\addons\dayz_code\config.bin/CfgFaces/Man/Merc_Face11/
Updating base class Default->OW_Nope, by z\addons\dayz_code\config.bin/CfgFaces/Man/Merc_Face12/
Updating base class Default->OW_Nope, by z\addons\dayz_code\config.bin/CfgFaces/Man/Merc_Face13/
Updating base class Default->OW_Nope, by z\addons\dayz_code\config.bin/CfgFaces/Man/Merc_Face13_camo/
Updating base class Default->OW_Nope, by z\addons\dayz_code\config.bin/CfgFaces/Man/Merc_Face14/
Updating base class Default->OW_Nope, by z\addons\dayz_code\config.bin/CfgFaces/Man/Merc_Face15/
Updating base class Default->OW_Nope, by z\addons\dayz_code\config.bin/CfgFaces/Man/Merc_Face16/
Updating base class Default->OW_Nope, by z\addons\dayz_code\config.bin/CfgFaces/Man/Merc_Face17/
Updating base class Default->OW_Nope, by z\addons\dayz_code\config.bin/CfgFaces/Man/Merc_Face18/
Updating base class Default->OW_Nope, by z\addons\dayz_code\config.bin/CfgFaces/Man/Merc_Face19/
Updating base class Default->OW_Nope, by z\addons\dayz_code\config.bin/CfgFaces/Man/Merc_Face20/
Updating base class Default->OW_Nope, by z\addons\dayz_code\config.bin/CfgFaces/Man/Merc_Face21/
Updating base class Default->OW_Nope, by z\addons\dayz_code\config.bin/CfgFaces/Man/Merc_Face22/
Updating base class Default->OW_Nope, by z\addons\dayz_code\config.bin/CfgFaces/Man/Merc_Face23/
Updating base class Default->OW_Nope, by z\addons\dayz_code\config.bin/CfgFaces/Man/Merc_Face24/
Updating base class Default->OW_Nope, by z\addons\dayz_code\config.bin/CfgFaces/Man/Merc_Face25/
Updating base class Default->OW_Nope, by z\addons\dayz_code\config.bin/CfgFaces/Man/Merc_Face26/
Updating base class ->OW_Nope, by z\addons\dayz_code\config.bin/CfgFaces/Man/Merc_Face27/
Updating base class ->OW_Nope, by z\addons\dayz_code\config.bin/CfgFaces/Man/Merc_Face28/
Updating base class Default->OW_Nope, by z\addons\dayz_code\config.bin/CfgFaces/Man/Merc_Face29/
Updating base class Default->OW_Nope, by z\addons\dayz_code\config.bin/CfgFaces/Man/Merc_Face30/
Updating base class Default->OW_Nope, by z\addons\dayz_code\config.bin/CfgFaces/Man/Merc_Face31/
Updating base class Default->OW_Nope, by z\addons\dayz_code\config.bin/CfgFaces/Man/Merc_Face32/
Updating base class Default->OW_Nope, by z\addons\dayz_code\config.bin/CfgFaces/Man/Merc_Face33/
Updating base class ->None, by z\addons\dayz_code\config.bin/CfgGlasses/Pro_Helmet/
Updating base class ->None, by z\addons\dayz_code\config.bin/CfgGlasses/Pro_Helmet_g/
Updating base class ->None, by z\addons\dayz_code\config.bin/CfgGlasses/Pro_Helmet_2/
Updating base class ->None, by z\addons\dayz_code\config.bin/CfgGlasses/Kevlar_Helmet/
Updating base class ->None, by z\addons\dayz_code\config.bin/CfgGlasses/Kevlar_Helmet_g/
Updating base class ->None, by z\addons\dayz_code\config.bin/CfgGlasses/wdl_helmet/
Updating base class ->None, by z\addons\dayz_code\config.bin/CfgGlasses/Barett/
Updating base class ->None, by z\addons\dayz_code\config.bin/CfgGlasses/US_green_beret/
Updating base class ->None, by z\addons\dayz_code\config.bin/CfgGlasses/US_black_beret/
Updating base class ->None, by z\addons\dayz_code\config.bin/CfgGlasses/Barett_g/
Updating base class ->None, by z\addons\dayz_code\config.bin/CfgGlasses/Bdu_cap/
Updating base class ->None, by z\addons\dayz_code\config.bin/CfgGlasses/Bdu_cap_g/
Updating base class ->None, by z\addons\dayz_code\config.bin/CfgGlasses/b_TacticalGlasses/
Updating base class ->None, by z\addons\dayz_code\config.bin/CfgGlasses/headset/
Updating base class ->None, by z\addons\dayz_code\config.bin/CfgGlasses/headset_g/
Updating base class ->None, by z\addons\dayz_code\config.bin/CfgGlasses/gasmask/
Updating base class ->None, by z\addons\dayz_code\config.bin/CfgGlasses/gasmask2/
Updating base class ->None, by z\addons\dayz_code\config.bin/CfgGlasses/gasmask_helmet/
Updating base class ->None, by z\addons\dayz_code\config.bin/CfgGlasses/gasmask_red/
Updating base class ->None, by z\addons\dayz_code\config.bin/CfgGlasses/gasmask_helmet2/
Updating base class ->None, by z\addons\dayz_code\config.bin/CfgGlasses/pilot_mask/
Updating base class ->None, by z\addons\dayz_code\config.bin/CfgGlasses/pilot_mask_v/
Updating base class ->None, by z\addons\dayz_code\config.bin/CfgGlasses/pilot_v/
Updating base class ->None, by z\addons\dayz_code\config.bin/CfgGlasses/skull_cap/
Updating base class ->None, by z\addons\dayz_code\config.bin/CfgGlasses/skull_cap2/
Updating base class ->None, by z\addons\dayz_code\config.bin/CfgGlasses/taliban_hat_shadow/
Updating base class ->None, by z\addons\dayz_code\config.bin/CfgGlasses/dive_mask/
Updating base class ->None, by z\addons\dayz_code\config.bin/CfgGlasses/BlackSun_sof_w/
Updating base class ->None, by z\addons\dayz_code\config.bin/CfgGlasses/RedSun_sof_w/
Updating base class ->None, by z\addons\dayz_code\config.bin/CfgGlasses/None_sof_w/
Updating base class ->None, by z\addons\dayz_code\config.bin/CfgGlasses/goggles_winter/
Updating base class VehicleMagazine->CA_Magazine, by z\addons\dayz_code\config.bin/CfgMagazines/29Rnd_30mm_AGS30/
Updating base class VehicleMagazine->CA_Magazine, by z\addons\dayz_code\config.bin/CfgMagazines/48Rnd_40mm_MK19/
Updating base class 4000Rnd_762x51_M134->CA_Magazine, by z\addons\dayz_code\config.bin/CfgMagazines/2000Rnd_762x51_M134/
Updating base class VehicleMagazine->CA_Magazine, by z\addons\dayz_code\config.bin/CfgMagazines/100Rnd_127x99_M2/
Updating base class VehicleMagazine->CA_Magazine, by z\addons\dayz_code\config.bin/CfgMagazines/50Rnd_127x107_DSHKM/
Updating base class Hatchet_Swing->Melee_Swing, by z\addons\dayz_code\config.bin/CfgMagazines/crowbar_swing/
Updating base class CA_Magazine->Melee_Swing, by z\addons\dayz_code\config.bin/CfgMagazines/Hatchet_Swing/
Updating base class Land_HouseV_1I2->House, by zero_buildings\config.cpp/CfgVehicles/Land_HouseV_1L2/
Updating base class Land_HouseV_1I2->House, by zero_buildings\config.cpp/CfgVehicles/Land_HouseV_3I3/
Updating base class ->Plane, by ca\air2\mv22\config.bin/CfgVehicles/MV22/
Updating base class ViewOptics->, by ca\air2\uh1y\config.bin/CfgVehicles/UH1_Base/Turrets/MainTurret/ViewOptics/
Updating base class ->HouseBase, by ca\misc_e\config.bin/CfgVehicles/House/
Updating base class ->Land_CamoNet_EAST, by ca\misc_e\config.bin/CfgVehicles/Land_CamoNet_EAST_EP1/
Updating base class ->Land_CamoNetB_EAST, by ca\misc_e\config.bin/CfgVehicles/Land_CamoNetB_EAST_EP1/
Updating base class ->Sign_1L_Noentry, by ca\misc_e\config.bin/CfgVehicles/Sign_1L_Noentry_EP1/
Updating base class ->Sign_circle, by ca\misc_e\config.bin/CfgVehicles/Helper_Base_EP1/
Updating base class ->Rifle, by ca\weapons_baf\config.bin/cfgWeapons/BAF_AS50_scoped/
Updating base class ->Rifle, by ca\weapons_e\config.bin/cfgWeapons/M60A4_EP1/
Updating base class ->M249, by ca\weapons_e\config.bin/cfgWeapons/M249_EP1/
Updating base class ->M249, by ca\weapons_e\config.bin/cfgWeapons/M249_m145_EP1/
Updating base class ->m107, by ca\weapons_e\m107\config.bin/CfgWeapons/m107_TWS_EP1/
Updating base class ->M240, by ca\weapons_e\m240\config.bin/CfgWeapons/m240_scoped_EP1/
Updating base class ->V3S_Base, by ca\wheeled_e\v3s\config.bin/CfgVehicles/V3S_Base_EP1/
Updating base class ->V3S_Base_EP1, by ca\wheeled_e\v3s\config.bin/CfgVehicles/V3S_Refuel_TK_GUE_EP1/
Updating base class AKS_BASE->AK_BASE, by vilas_aks_cfg\config.cpp/cfgWeapons/AKS_74_UN_kobra/
Updating base class House->DZE_OpenHouse, by warehouse\config.bin/CfgVehicles/Land_Ind_Pec_03/
Updating base class ->C130J_base, by ca\air_e\config.bin/CfgVehicles/C130J_US_EP1/
Updating base class ->Helicopter, by ca\air_e\ah6j\config.bin/CfgVehicles/AH6_Base_EP1/
Updating base class ->Plane, by ca\air_e\an2\config.bin/CfgVehicles/An2_Base_EP1/
Updating base class ->CH47_base_EP1, by ca\air_e\ch47\config.bin/CfgVehicles/CH_47F_EP1/
Updating base class ViewOptics->, by ca\air_e\uh1h\config.bin/CfgVehicles/UH1H_base/Turrets/MainTurret/ViewOptics/
Updating base class ->Soldier_Base_PMC, by ca\characters_pmc\config.bin/cfgVehicles/Soldier_Crew_PMC/
Updating base class ->Soldier_Base_PMC, by ca\characters_pmc\config.bin/cfgVehicles/Soldier_TL_PMC/
Updating base class ->Soldier_Base_PMC, by ca\characters_pmc\config.bin/cfgVehicles/Soldier_Bodyguard_M4_PMC/
Updating base class ->Soldier_Base_PMC, by ca\characters_pmc\config.bin/cfgVehicles/Soldier_Bodyguard_AA12_PMC/
Updating base class ->BAF_Soldier_MTP, by ca\characters_w_baf\config.bin/CfgVehicles/BAF_Soldier_W/
Updating base class ->BAF_Soldier_L_MTP, by ca\characters_w_baf\config.bin/CfgVehicles/BAF_Soldier_L_W/
Updating base class ->BAF_Soldier_Officer_MTP, by ca\characters_w_baf\config.bin/CfgVehicles/BAF_Soldier_Officer_W/
Updating base class ->BAF_Soldier_SniperH_MTP, by ca\characters_w_baf\config.bin/CfgVehicles/BAF_Soldier_SniperH_W/
Updating base class ->M113Ambul_Base, by ca\tracked_e\m113\config.bin/CfgVehicles/M113Ambul_UN_EP1/
Updating base class ->M113_Base, by ca\tracked_e\m113\config.bin/CfgVehicles/M113_UN_EP1/
Updating base class ->M113Ambul_Base, by ca\tracked_e\m113\config.bin/CfgVehicles/M113Ambul_TK_EP1/
Updating base class ->M113_Base, by ca\tracked_e\m113\config.bin/CfgVehicles/M113_TK_EP1/
Updating base class ->Helicopter, by ca\air_d_baf\config.bin/CfgVehicles/BAF_Merlin_HC3_D/
Updating base class AK_BASE->AKS_BASE, by ca\communityconfigurationproject_e\ai_madeaks74unkobrafullysilenced\config.bin/CfgWeapons/AKS_74_UN_kobra/
Updating base class ReammoBox->Small_items, by corepatch\corepatch_additionalobjects\config.cpp/CfgVehicles/CardboardBox/
Updating base class ->Mode_FullAuto, by corepatch\corepatch_ccp_68220\config.cpp/CfgWeapons/G36a/FullAuto/
Updating base class ->Mode_SemiAuto, by corepatch\corepatch_ccp_68220\config.cpp/CfgWeapons/G36a/Single/
Updating base class CA_Magazine->4000Rnd_762x51_M134, by corepatch\corepatch_ccp_71142_cit_13602_25047\config.cpp/CfgMagazines/2000Rnd_762x51_M134/
13:54:14 Initializing Steam server - Game Port: 6300, Steam Query Port: 6301
13:54:15 Connected to Steam servers
13:54:20 Server error: Player without identity HighFlyer (id 2055352726)
13:54:20 Server error: Player without identity HighFlyer (id 2055352726)
13:54:20 Server error: Player without identity HighFlyer (id 2055352726)
13:54:20 Server error: Player without identity HighFlyer (id 2055352726)
13:54:20 Server error: Player without identity HighFlyer (id 2055352726)
13:54:20 Server error: Player without identity HighFlyer (id 2055352726)
13:54:20 Server error: Player without identity HighFlyer (id 2055352726)
13:54:20 Server error: Player without identity HighFlyer (id 2055352726)
13:54:20 Server error: Player without identity HighFlyer (id 2055352726)
13:54:20 Server error: Player without identity HighFlyer (id 2055352726)
13:54:20 Server error: Player without identity HighFlyer (id 2055352726)
13:54:20 Server error: Player without identity HighFlyer (id 2055352726)
13:54:20 Server error: Player without identity HighFlyer (id 2055352726)
13:54:20 Server error: Player without identity HighFlyer (id 2055352726)
13:54:20 Server error: Player without identity HighFlyer (id 2055352726)
13:54:20 Server error: Player without identity HighFlyer (id 2055352726)
13:54:20 Server error: Player without identity HighFlyer (id 2055352726)
13:54:20 Server error: Player without identity HighFlyer (id 2055352726)
13:54:20 Server error: Player without identity HighFlyer (id 2055352726)
13:54:20 Server error: Player without identity HighFlyer (id 2055352726)
13:54:29 Strange convex component81 in zero_buildings\models\housev_3i3_i.p3d:geometryFire
13:54:30 Strange convex component288 in warehouse\models\warehouse.p3d:geometry
13:54:30 Strange convex component289 in warehouse\models\warehouse.p3d:geometry
13:54:30 Strange convex component290 in warehouse\models\warehouse.p3d:geometry
13:54:30 Strange convex component291 in warehouse\models\warehouse.p3d:geometry
13:54:30 Strange convex component292 in warehouse\models\warehouse.p3d:geometry
13:54:30 Strange convex component293 in warehouse\models\warehouse.p3d:geometry
13:54:30 Strange convex component294 in warehouse\models\warehouse.p3d:geometry
13:54:30 Strange convex component295 in warehouse\models\warehouse.p3d:geometry
13:54:30 Strange convex component296 in warehouse\models\warehouse.p3d:geometry
13:54:30 Strange convex component297 in warehouse\models\warehouse.p3d:geometry
13:54:30 Strange convex component298 in warehouse\models\warehouse.p3d:geometry
13:54:30 Strange convex component299 in warehouse\models\warehouse.p3d:geometry
13:54:30 Strange convex component300 in warehouse\models\warehouse.p3d:geometry
13:54:30 Strange convex component301 in warehouse\models\warehouse.p3d:geometry
13:54:30 Strange convex component302 in warehouse\models\warehouse.p3d:geometry
13:54:30 Strange convex component303 in warehouse\models\warehouse.p3d:geometry
13:54:30 Strange convex component304 in warehouse\models\warehouse.p3d:geometry
13:54:30 Strange convex component305 in warehouse\models\warehouse.p3d:geometry
13:54:30 Strange convex component306 in warehouse\models\warehouse.p3d:geometry
13:54:30 Strange convex component307 in warehouse\models\warehouse.p3d:geometry
13:54:30 Strange convex component308 in warehouse\models\warehouse.p3d:geometry
13:54:30 Strange convex component309 in warehouse\models\warehouse.p3d:geometry
13:54:30 Strange convex component310 in warehouse\models\warehouse.p3d:geometry
13:54:30 Strange convex component311 in warehouse\models\warehouse.p3d:geometry
13:54:30 Strange convex component312 in warehouse\models\warehouse.p3d:geometry
13:54:30 Strange convex component313 in warehouse\models\warehouse.p3d:geometry
13:54:30 Strange convex component314 in warehouse\models\warehouse.p3d:geometry
13:54:30 Strange convex component315 in warehouse\models\warehouse.p3d:geometry
13:54:30 Strange convex component316 in warehouse\models\warehouse.p3d:geometry
13:54:30 Strange convex component317 in warehouse\models\warehouse.p3d:geometry
13:54:30 Strange convex component252 in warehouse\models\warehouse.p3d:geometryFire
13:54:30 Strange convex component253 in warehouse\models\warehouse.p3d:geometryFire
13:54:30 Strange convex component254 in warehouse\models\warehouse.p3d:geometryFire
13:54:30 Strange convex component255 in warehouse\models\warehouse.p3d:geometryFire
13:54:30 Strange convex component256 in warehouse\models\warehouse.p3d:geometryFire
13:54:30 Strange convex component257 in warehouse\models\warehouse.p3d:geometryFire
13:54:30 Strange convex component258 in warehouse\models\warehouse.p3d:geometryFire
13:54:30 Strange convex component259 in warehouse\models\warehouse.p3d:geometryFire
13:54:30 Strange convex component260 in warehouse\models\warehouse.p3d:geometryFire
13:54:30 Strange convex component261 in warehouse\models\warehouse.p3d:geometryFire
13:54:30 Strange convex component262 in warehouse\models\warehouse.p3d:geometryFire
13:54:30 Strange convex component263 in warehouse\models\warehouse.p3d:geometryFire
13:54:30 Strange convex component264 in warehouse\models\warehouse.p3d:geometryFire
13:54:30 Strange convex component265 in warehouse\models\warehouse.p3d:geometryFire
13:54:30 Strange convex component266 in warehouse\models\warehouse.p3d:geometryFire
13:54:30 Strange convex component267 in warehouse\models\warehouse.p3d:geometryFire
13:54:30 Strange convex component268 in warehouse\models\warehouse.p3d:geometryFire
13:54:30 Strange convex component269 in warehouse\models\warehouse.p3d:geometryFire
13:54:30 Strange convex component270 in warehouse\models\warehouse.p3d:geometryFire
13:54:30 Strange convex component271 in warehouse\models\warehouse.p3d:geometryFire
13:54:30 Strange convex component272 in warehouse\models\warehouse.p3d:geometryFire
13:54:30 Strange convex component273 in warehouse\models\warehouse.p3d:geometryFire
13:54:30 Strange convex component274 in warehouse\models\warehouse.p3d:geometryFire
13:54:30 Strange convex component275 in warehouse\models\warehouse.p3d:geometryFire
13:54:30 Strange convex component276 in warehouse\models\warehouse.p3d:geometryFire
13:54:30 Strange convex component277 in warehouse\models\warehouse.p3d:geometryFire
13:54:30 Strange convex component278 in warehouse\models\warehouse.p3d:geometryFire
13:54:30 Strange convex component279 in warehouse\models\warehouse.p3d:geometryFire
13:54:30 Strange convex component280 in warehouse\models\warehouse.p3d:geometryFire
13:54:30 Strange convex component281 in warehouse\models\warehouse.p3d:geometryFire
13:54:30 Strange convex component249 in warehouse\models\warehouse.p3d:geometryView
13:54:30 Strange convex component250 in warehouse\models\warehouse.p3d:geometryView
13:54:30 Strange convex component251 in warehouse\models\warehouse.p3d:geometryView
13:54:30 Strange convex component252 in warehouse\models\warehouse.p3d:geometryView
13:54:30 Strange convex component253 in warehouse\models\warehouse.p3d:geometryView
13:54:30 Strange convex component254 in warehouse\models\warehouse.p3d:geometryView
13:54:30 Strange convex component255 in warehouse\models\warehouse.p3d:geometryView
13:54:30 Strange convex component256 in warehouse\models\warehouse.p3d:geometryView
13:54:30 Strange convex component257 in warehouse\models\warehouse.p3d:geometryView
13:54:30 Strange convex component258 in warehouse\models\warehouse.p3d:geometryView
13:54:30 Strange convex component259 in warehouse\models\warehouse.p3d:geometryView
13:54:30 Strange convex component260 in warehouse\models\warehouse.p3d:geometryView
13:54:30 Strange convex component261 in warehouse\models\warehouse.p3d:geometryView
13:54:30 Strange convex component262 in warehouse\models\warehouse.p3d:geometryView
13:54:30 Strange convex component263 in warehouse\models\warehouse.p3d:geometryView
13:54:30 Strange convex component264 in warehouse\models\warehouse.p3d:geometryView
13:54:30 Strange convex component265 in warehouse\models\warehouse.p3d:geometryView
13:54:30 Strange convex component266 in warehouse\models\warehouse.p3d:geometryView
13:54:30 Strange convex component267 in warehouse\models\warehouse.p3d:geometryView
13:54:30 Strange convex component268 in warehouse\models\warehouse.p3d:geometryView
13:54:30 Strange convex component269 in warehouse\models\warehouse.p3d:geometryView
13:54:30 Strange convex component270 in warehouse\models\warehouse.p3d:geometryView
13:54:30 Strange convex component271 in warehouse\models\warehouse.p3d:geometryView
13:54:30 Strange convex component272 in warehouse\models\warehouse.p3d:geometryView
13:54:30 Strange convex component273 in warehouse\models\warehouse.p3d:geometryView
13:54:30 Strange convex component274 in warehouse\models\warehouse.p3d:geometryView
13:54:30 Strange convex component275 in warehouse\models\warehouse.p3d:geometryView
13:54:30 Strange convex component276 in warehouse\models\warehouse.p3d:geometryView
13:54:30 Strange convex component277 in warehouse\models\warehouse.p3d:geometryView
13:54:30 Strange convex component278 in warehouse\models\warehouse.p3d:geometryView
13:54:31 "DayZ Epoch: PRELOAD Functions\init [[<No group>:0 (FunctionsManager)],any]"
13:54:31 "DayZ Epoch: MPframework inited"
13:54:31 "Loading Server Options"
13:54:32 "infiSTAR.de - Waiting for BIS_fnc_init..."
13:54:33 Strange convex component93 in zero_buildings\models\mil_house_i.p3d:geometryView
13:54:33 Strange convex component94 in zero_buildings\models\mil_house_i.p3d:geometryView
13:54:33 Strange convex component95 in zero_buildings\models\mil_house_i.p3d:geometryView
13:54:33 Strange convex component96 in zero_buildings\models\mil_house_i.p3d:geometryView
13:54:33 Strange convex component99 in zero_buildings\models\mil_house_i.p3d:geometryView
13:54:33 Strange convex component100 in zero_buildings\models\mil_house_i.p3d:geometryView
13:54:33 Strange convex component101 in zero_buildings\models\mil_house_i.p3d:geometryView
13:54:33 Strange convex component102 in zero_buildings\models\mil_house_i.p3d:geometryView
13:54:33 Strange convex component103 in zero_buildings\models\mil_house_i.p3d:geometryView
13:54:33 Strange convex component104 in zero_buildings\models\mil_house_i.p3d:geometryView
13:54:33 Strange convex component105 in zero_buildings\models\mil_house_i.p3d:geometryView
13:54:33 Strange convex component106 in zero_buildings\models\mil_house_i.p3d:geometryView
13:54:33 Strange convex component107 in zero_buildings\models\mil_house_i.p3d:geometryView
13:54:33 Strange convex component108 in zero_buildings\models\mil_house_i.p3d:geometryView
13:54:33 Strange convex component109 in zero_buildings\models\mil_house_i.p3d:geometryView
13:54:33 Strange convex component110 in zero_buildings\models\mil_house_i.p3d:geometryView
13:54:33 Strange convex component111 in zero_buildings\models\mil_house_i.p3d:geometryView
13:54:33 Strange convex component112 in zero_buildings\models\mil_house_i.p3d:geometryView
13:54:33 Strange convex component113 in zero_buildings\models\mil_house_i.p3d:geometryView
13:54:33 Strange convex component114 in zero_buildings\models\mil_house_i.p3d:geometryView
13:54:33 Strange convex component115 in zero_buildings\models\mil_house_i.p3d:geometryView
13:54:33 Strange convex component116 in zero_buildings\models\mil_house_i.p3d:geometryView
13:54:33 Strange convex component117 in zero_buildings\models\mil_house_i.p3d:geometryView
13:54:33 Strange convex component118 in zero_buildings\models\mil_house_i.p3d:geometryView
13:54:33 Strange convex component119 in zero_buildings\models\mil_house_i.p3d:geometryView
13:54:33 Strange convex component120 in zero_buildings\models\mil_house_i.p3d:geometryView
13:54:33 Strange convex component121 in zero_buildings\models\mil_house_i.p3d:geometryView
13:54:33 Strange convex component122 in zero_buildings\models\mil_house_i.p3d:geometryView
13:54:33 Strange convex component123 in zero_buildings\models\mil_house_i.p3d:geometryView
13:54:33 Strange convex component124 in zero_buildings\models\mil_house_i.p3d:geometryView
13:54:33 Strange convex component125 in zero_buildings\models\mil_house_i.p3d:geometryView
13:54:33 Strange convex component126 in zero_buildings\models\mil_house_i.p3d:geometryView
13:54:33 Strange convex component127 in zero_buildings\models\mil_house_i.p3d:geometryView
13:54:33 Strange convex component128 in zero_buildings\models\mil_house_i.p3d:geometryView
13:54:33 Strange convex component129 in zero_buildings\models\mil_house_i.p3d:geometryView
13:54:33 Strange convex component130 in zero_buildings\models\mil_house_i.p3d:geometryView
13:54:33 Strange convex component131 in zero_buildings\models\mil_house_i.p3d:geometryView
13:54:33 Strange convex component132 in zero_buildings\models\mil_house_i.p3d:geometryView
13:54:33 Strange convex component133 in zero_buildings\models\mil_house_i.p3d:geometryView
13:54:33 Strange convex component134 in zero_buildings\models\mil_house_i.p3d:geometryView
13:54:35 "infiSTAR.de - BIS_fnc_init done - AntiHack STARTING...!"
13:54:35 Warning Message: Script low_admins.sqf not found
13:54:35 Warning Message: Script normal_admins.sqf not found
13:54:35 Warning Message: Script super_admins.sqf not found
13:54:35 Warning Message: Script blacklist.sqf not found
13:54:35 "infiSTAR.de - iproductVersion: 27-Jun-2016 15-16-24-v1431A | Server productVersion: ["ArmA 2 OA","ArmA2OA",163,131129] | worldName: Chernarus | dayz_instance: 11 | missionName: DayZ_Epoch_11"
13:54:35 "infiSTAR.de - _fnc_RandomGen: {
_abc = ['z','y','x','w','v','u','t','s','r','q','p','o','n','m','l','k','j','i','h','g','f','e','d','c','b','a'];
_gen = _abc select (random ((count _abc)-1));
_arr = ['6','U','1','l','w','q','e','L','Q','c','1','c','k','H','D','C','d','U','X','W','8','w','Q','e','X','T','j','b','h','M'];
for '_i' from 0 to (8+(round(random 3))) do {_gen = _gen + str(round(random 9)) + (_arr select (random ((count _arr)-1)));};
_gen
}"
13:54:35 "infiSTAR.de - _simple: z463H384d0c111j683e5k"
13:54:35 "infiSTAR.de - _dialogIds: d1e8W5e912e8w882U2h3W"
13:54:35 "infiSTAR.de - _badtxts: o7w8w0l2e1X8b3d5e8X0X8X"
13:54:35 "infiSTAR.de - _randvar1: s4L51110T8b2U6Q2H5X4D9c8e"
13:54:35 "infiSTAR.de - _randvar2: z8D7k710X9e1e2c183W31"
13:54:35 "infiSTAR.de - _randvar0: g6M2w6U6D5l4b3U4C966q"
13:54:35 "infiSTAR.de - _randvar3: n4H4U283w0W6X7Q7k4U6w"
13:54:35 "infiSTAR.de - _randvar4: u3H618l1L4L7T7H2k0w216C"
13:54:35 "infiSTAR.de - _randvar5: l6b0e1h7d8L4q0b2e5D668C"
13:54:35 "infiSTAR.de - _randvar6: k1T4H1j2X7w3D3C313h8L"
13:54:35 "infiSTAR.de - _randvar8: n4c5j3b1c51487D5c8c1e8L"
13:54:35 "infiSTAR.de - _randvar11: m5l1D110C7h3L8L3h2D"
13:54:35 "infiSTAR.de - _randvar12: r3X0U2X6C5b566X8d2h0M"
13:54:35 "infiSTAR.de - _randvar13: l9U514H7e8L0C4b4W6e7D2H"
13:54:35 "infiSTAR.de - _randvar19: u782l786T0w3Q0D1q8w9d3h"
13:54:35 "infiSTAR.de - _randvar20: y6h3D7W31719c2c3Q9D5e"
13:54:35 "infiSTAR.de - _randvar27: v6L8b1U0C1M3e7w3w4w"
13:54:35 "infiSTAR.de - _randvar26: o5T8h5W6D1X8c1L1c4w3j2M"
13:54:35 "infiSTAR.de - _randvar25: l5e6h7k2U7C2U4X1U1Q6U"
13:54:35 "infiSTAR.de - _randvar31: g5Q7c283c5831217k016W"
13:54:35 "infiSTAR.de - _randvar32: u6w5U6l1l2e7W9Q8Q9l7D"
13:54:35 "infiSTAR.de - _randvar33: l362Q881Q6T615w5X2T8H4e"
13:54:35 "infiSTAR.de - _randvar34: b5D9L5k6C9T7e1D7h1q8T7X"
13:54:35 "infiSTAR.de - _randvar35: f8M3w3H5e1k7M8j1T7c1d1b"
13:54:35 "infiSTAR.de - _randvar36: n7U5H1H3Q4H5W5Q4U2C2U7l3c"
13:54:35 "infiSTAR.de - _randvar327537: y785c1Q6d2H6W1j3W3D5k4j1q"
13:54:35 "infiSTAR.de - _randvar38: g3q6k0j4W4h363L1e618X"
13:54:35 "infiSTAR.de - _randvar39: o6w6D3T6b1X2h4T4H6C78"
13:54:35 "infiSTAR.de - _clickOnMapTimer: f2b5Q9Q4Q4L1c7T7w8T5H8L"
13:54:35 "infiSTAR.de - _clickOnMapCaught: c918H1c3h3Q7L1w7l7168"
13:54:35 "infiSTAR.de - _fnc_handlerandvar10: f3Q1c8b3W4X6X5e8w316Q1w2D"
13:54:35 "infiSTAR.de - _remark: p5k7l8C6h4j3h7X2q7W"
13:54:35 "infiSTAR.de - _AHpos: p9Q7H6c5d5W2X5c3d4T4T8w4c"
13:54:35 "infiSTAR.de - _loadedcheckpos: r4U7e5e3c8X5U5U4j7b5c"
13:54:35 "infiSTAR.de - _loadedchecktime: d2W1U1l516w4h215c2c3w318e"
13:54:35 "infiSTAR.de - _MenuChecksRunningx: m8W5w2D8C3c2e2l6T1T2d"
13:54:35 "infiSTAR.de - _oneachframe: k9l7c7L1e7U117Q7c5M6T5X4d"
13:54:35 "infiSTAR.de - _anotherloop: x715C3X4X5C1e8U38117W"
13:54:35 "infiSTAR.de - _clientoncetwo: s51386X8U2L519k7H38166c"
13:54:35 "infiSTAR.de - _lastUnlock: k3l3l180L2e8w2j5d5l3Q"
13:54:35 "infiSTAR.de - _AdminReqCheck: l3L8T812w9X4c4c8b7e517X"
13:54:35 "infiSTAR.de - _antidupeCheckVar: t0Q7Q1j51214d3X3L2X4C8Q"
13:54:35 "infiSTAR.de - _antidupePVCheckVar: PVAHR_0_b8L2T4C781e5j1c4X6U4l7w3d"
13:54:35 "infiSTAR.de - _antidupePVResVar: PVAHR_0_y2j2c917U5U1e4k3w211Q"
13:54:35 "infiSTAR.de - _antiantihack_rndvar: PVAHR_0_d6k6U481C6d0k7L2D817k"
13:54:35 "infiSTAR.de - _randvar327510: PVAHR_0_x615D781W9d7H1U8b5C"
13:54:35 "infiSTAR.de - AntiHack LOADED!"
13:54:35 "infiSTAR.de - CREATING AdminMenu"
13:54:35 "infiSTAR.de - AdminMenu LOADED!"
13:54:35 "infiSTAR.de - ADDING PublicVariableEventHandlers"
13:54:35 "infiSTAR.de - AntiHack FULLY LOADED"
13:54:35 BIKE: loading version 2.5.1 ...
13:54:35 BIKE: adding bike to safe vehicle list...
13:54:35 "Loading Server Monitor & Server Executions!"
13:54:35 "Loading Dedicated Executions!"
13:54:35 "Res3tting B!S effects..."
13:54:35 "Fully loaded Init"
13:54:35 Warning: z\addons\dayz_communityassets\models\compass.p3d:0 Error while trying to generate ST for points: 863, 853, 852
13:54:36 "HIVE: Starting"
13:54:36 "HIVE: trying to get objects"
13:54:36 "HIVE: found 308 objects"
13:54:36 "HIVE: Commence Object Streaming..."
13:54:36 "HIVE: got 4 Epoch Objects and 304 Vehicles"
13:54:36 350z: ABSwitch - unknown animation source ABSwitch
13:54:36 ca\structures\ruins\glass_cullet_01.p3d: No geometry and no visual shape
13:54:36 ca\structures\ruins\glass_cullet_01.p3d: No geometry and no visual shape
13:54:36 ca\structures\ruins\glass_cullet_01.p3d: No geometry and no visual shape
13:54:36 ca\structures\ruins\glass_cullet_01.p3d: No geometry and no visual shape
13:54:36 ca\structures\ruins\glass_cullet_01.p3d: No geometry and no visual shape
13:54:36 ca\structures\ruins\glass_cullet_01.p3d: No geometry and no visual shape
13:54:36 ca\structures\ruins\glass_cullet_01.p3d: No geometry and no visual shape
13:54:36 ca\structures\ruins\glass_cullet_01.p3d: No geometry and no visual shape
13:54:36 ca\structures\ruins\glass_cullet_01.p3d: No geometry and no visual shape
13:54:36 ca\structures\ruins\glass_cullet_01.p3d: No geometry and no visual shape
13:54:36 ca\structures\ruins\glass_cullet_01.p3d: No geometry and no visual shape
13:54:36 ca\structures\ruins\glass_cullet_01.p3d: No geometry and no visual shape
13:54:36 ca\structures\ruins\glass_cullet_01.p3d: No geometry and no visual shape
13:54:36 ca\structures\ruins\glass_cullet_01.p3d: No geometry and no visual shape
13:54:36 ca\structures\ruins\glass_cullet_01.p3d: No geometry and no visual shape
13:54:36 ca\structures\ruins\glass_cullet_01.p3d: No geometry and no visual shape
13:54:36 ca\structures\ruins\glass_cullet_01.p3d: No geometry and no visual shape
13:54:36 ca\structures\ruins\glass_cullet_01.p3d: No geometry and no visual shape
13:54:36 ca\structures\ruins\glass_cullet_01.p3d: No geometry and no visual shape
13:54:36 ca\structures\ruins\glass_cullet_01.p3d: No geometry and no visual shape
13:54:36 Cannot create non-ai vehicle Land_stanek_3,
13:54:36 Cannot create non-ai vehicle LAND_MASH,
13:54:36 Cannot create non-ai vehicle LAND_Stan_east,
13:54:36 Cannot create non-ai vehicle LAND_P_Stavebni_kozy,
13:54:36 Cannot create non-ai vehicle LAND_Misc_palletsfoiled,
13:54:36 Cannot create non-ai vehicle LAND_Misc_palletsfoiled_heap,
13:54:36 Cannot create non-ai vehicle LAND_P_ytong,
13:54:36 Cannot create non-ai vehicle LAND_Misc_palletsfoiled,
13:54:36 Cannot create non-ai vehicle LAND_Misc_palletsfoiled,
13:54:36 Cannot create non-ai vehicle LAND_P_Ladder,
13:54:36 Cannot create non-ai vehicle LAND_garbage_misc,
13:54:36 UH1Y_DZE: ObsTurret - unknown animation source ObsTurret
13:54:36 UH1Y_DZE: ObsGun - unknown animation source ObsGun
13:54:37 "[VEHICLE CLEANUP ZONE]: selecting world to cleanup ..."
13:54:37 350z_v: ABSwitch - unknown animation source ABSwitch
13:54:37 AH6X_DZ: FLIR_turret - unknown animation source FLIR_turret
13:54:37 AH6X_DZ: FLIR_gun - unknown animation source FLIR_gun
13:54:38 350z_yellow: ABSwitch - unknown animation source ABSwitch
13:54:38 350z_city: ABSwitch - unknown animation source ABSwitch
13:54:38 350z_gold: ABSwitch - unknown animation source ABSwitch
13:54:38 350z_black: ABSwitch - unknown animation source ABSwitch
13:54:38 350z_white: ABSwitch - unknown animation source ABSwitch
13:54:38 350z_blue: ABSwitch - unknown animation source ABSwitch
13:54:38 350z_green: ABSwitch - unknown animation source ABSwitch
13:54:38 350z_pink: ABSwitch - unknown animation source ABSwitch
13:54:39 350z_silver: ABSwitch - unknown animation source ABSwitch
13:54:39 "HIVE: Vehicle Spawn limit reached!"
13:54:39 "HIVE: Spawning # of Debris: 0"
13:54:39 "HIVE: Spawning # of Ammo Boxes: 0"
13:54:39 "HIVE: Spawning # of Veins: 1"
13:54:39 "Total Number of spawn locations 5"
13:54:40 "EPOCH EVENTS INIT"
13:54:40 Warning Message: Script z\addons\dayz_server\WAI\customsettings.sqf not found
13:54:40 "WAI: AI Config File Loaded"
13:54:40 "WAI: AI Monitor Started"
13:54:40 "WAI: Initialising missions"
13:54:50 "infiSTAR.de - Player-Log: HighFlyer(76561198302675871) - 0h 00min | ******ADMIN******"
13:55:03 "infiSTAR.de PlayerConnected: ["76561198302675871","HighFlyer"]"
13:55:03 "infiSTAR.de PlayerConnected: ["","__SERVER__"]"
13:55:06 Server: Object 3:6 not found (message 94)
13:55:06 "TIME SYNC: Local Time set to [2013,8,3,13,55]"
13:55:07 "infiSTAR.de fnc_AdminFirstReq: [1234,B 1-1-B:1 (HighFlyer) REMOTE,"76561198302675871"]"
13:55:07 "infiSTAR.de ******ADMIN-LOGIN******: HighFlyer(76561198302675871)"
13:55:07 "infiSTAR.de fnc_AdminReqProceed: [1234,B 1-1-B:1 (HighFlyer) REMOTE,"76561198302675871"]"
13:55:09 "infiSTAR.de Log: HighFlyer(76561198302675871) -    Left SafeZone @135122"
13:55:13 "infiSTAR.de PVAH_WriteLog: B 1-1-B:1 (HighFlyer) REMOTE   HighFlyer G_o_d ON"
13:55:13 "infiSTAR.de PVAH_WriteLog: B 1-1-B:1 (HighFlyer) REMOTE   HighFlyer FastFire ON"
13:55:14 "infiSTAR.de PVAH_WriteLog: B 1-1-B:1 (HighFlyer) REMOTE   HighFlyer adminammo_recoil ON"
13:55:15 Warning: looped for animation: ca\anims\characters\data\anim\sdr\mov\erc\stp\non\non\amovpercmstpsnonwnondnon_amovpercmstpsraswpstdnon_end.rtm differs (looped now 0)! MoveName: amovpercmstpsnonwnondnon_amovpercmstpsraswpstdnon_end
13:55:30 "infiSTAR.de PVAH_WriteLog: B 1-1-B:1 (HighFlyer) REMOTE   HighFlyer - added Mk_48 to his inventory"
13:55:32 "infiSTAR.de PVAH_WriteLog: B 1-1-B:1 (HighFlyer) REMOTE   HighFlyer - added 100Rnd_762x51_M240 to his inventory"
13:55:37 "infiSTAR.de PVAH_WriteLog: B 1-1-B:1 (HighFlyer) REMOTE   HighFlyer TP infront of you ON"
13:55:44 "infiSTAR.de fnc_AdminFirstReq: [1,B 1-1-B:1 (HighFlyer) REMOTE,B 1-1-B:1 (HighFlyer) REMOTE,[14133.3,2803.85,0]]"
13:55:44 "infiSTAR.de fnc_AdminReqProceed: [1,B 1-1-B:1 (HighFlyer) REMOTE,B 1-1-B:1 (HighFlyer) REMOTE,[14133.3,2803.85,0]]"
13:55:44 "infiSTAR.de PVAH_WriteLog: B 1-1-B:1 (HighFlyer) REMOTE   Admin HighFlyer(76561198302675871) teleported to   GPS: 141125   WorldSpace: [14133.3,2803.85,0]"
13:55:52 "infiSTAR.de PVAH_WriteLog: B 1-1-B:1 (HighFlyer) REMOTE   HighFlyer Spectating HighFlyer"
13:56:15 "WAI: [Mission:[Bandit] Armed Vehicle]: Starting... [3641.82,7108.56,0]"
13:56:15 No owner
13:56:15 No owner
13:56:15 No owner
13:56:15 Warnings in z\addons\dayz_communityassets\models\machete.p3d:shadow(1000)
13:56:15 "WAI: Spawned a group of 5 AI (Hero) at [3641.82,7108.56,0]"
13:56:15 No owner
13:56:15 No owner
13:56:15 No owner
13:56:15 "WAI: Spawned a group of 5 AI (Hero) at [3641.82,7108.56,0]"
13:56:15 No owner
13:56:15 No owner
13:56:15 No owner
13:56:15 No owner
13:56:15 No owner
13:56:15 No owner
13:56:15 "WAI: Spawned a group of 5 AI (Hero) at [3641.82,7108.56,0]"
13:56:15 "WAI: Spawned in 1 KORD_high_TK_EP1"
