

=====================================================================
== C:\Users\Administrator\Desktop\overpoch\arma2oaserveroverpoch.exe
== "arma2oaserveroverpoch.exe"  -ip=78.31.67.100 -port=6300 -noPause  "-config=instance_11_Chernarus\config.cfg" "-cfg=instance_11_Chernarus\basic.cfg" "-profiles=instance_11_Chernarus" -name=instance_11_Chernarus "-mod=@DayzOverwatch;@DayZ_Epoch;@DayZ_Epoch_Server;"
=====================================================================
Exe timestamp: 2016/12/12 13:39:47
Current time:  2017/02/28 21:59:19

Version 1.63.131129
Item STR_EQUIP_NAME_41 listed twice
Item STR_EQUIP_DESC_41 listed twice
Conflicting addon Monaro in 'holdenmonarocop\', previous definition in 'holdenmonaro\'
File nissan_350z\config.cpp, line 244: '/CfgVehicles/350zBase/Library.libTextDesc': Missing ';' prior '}'
Unsupported language English in stringtable
Unknown entity: 'C inatallations and equipment, fuel and ammunition storage facilities and parked tactical aircraft. The original BS-1 system was designed for the 7.62mm Kalashnikov AKMS assault rifle with PBS-1 silencers. When the Soviet army switched over to 5.45x39mm ammunition, they were replaced with AKS-74UB compact assault rifles with PBS-4 silencers. The original GSN-19 grenade launcher system was slightly reworked, primarily to use different launching ammunition new mounting brackets better suited
Unknown entity: 'C equipment, and then cause enough damage to render the target inoperative. The grenade has no propelling system in itself, instead being launched by special blank cartridges which are loaded into a detachable box magazine.</German>
		<English>From world.guns.ru: &lt'
Unknown entity: 'C inatallations and equipment, fuel and ammunition storage facilities and parked tactical aircraft. The original BS-1 system was designed for the 7.62mm Kalashnikov AKMS assault rifle with PBS-1 silencers. When the Soviet army switched over to 5.45x39mm ammunition, they were replaced with AKS-74UB compact assault rifles with PBS-4 silencers. The original GSN-19 grenade launcher system was slightly reworked, primarily to use different launching ammunition new mounting brackets better suited
Unknown entity: 'C equipment, and then cause enough damage to render the target inoperative. The grenade has no propelling system in itself, instead being launched by special blank cartridges which are loaded into a detachable box magazine.</English>
		<Italian>From world.guns.ru: &lt'
Unknown entity: 'C inatallations and equipment, fuel and ammunition storage facilities and parked tactical aircraft. The original BS-1 system was designed for the 7.62mm Kalashnikov AKMS assault rifle with PBS-1 silencers. When the Soviet army switched over to 5.45x39mm ammunition, they were replaced with AKS-74UB compact assault rifles with PBS-4 silencers. The original GSN-19 grenade launcher system was slightly reworked, primarily to use different launching ammunition new mounting brackets better suited
Unknown entity: 'C equipment, and then cause enough damage to render the target inoperative. The grenade has no propelling system in itself, instead being launched by special blank cartridges which are loaded into a detachable box magazine.</Italian>
		<Spanish>From world.guns.ru: &lt'
Unknown entity: 'C inatallations and equipment, fuel and ammunition storage facilities and parked tactical aircraft. The original BS-1 system was designed for the 7.62mm Kalashnikov AKMS assault rifle with PBS-1 silencers. When the Soviet army switched over to 5.45x39mm ammunition, they were replaced with AKS-74UB compact assault rifles with PBS-4 silencers. The original GSN-19 grenade launcher system was slightly reworked, primarily to use different launching ammunition new mounting brackets better suited
Unknown entity: 'C equipment, and then cause enough damage to render the target inoperative. The grenade has no propelling system in itself, instead being launched by special blank cartridges which are loaded into a detachable box magazine.</Spanish>
		<French>From world.guns.ru: &lt'
Unknown entity: 'C inatallations and equipment, fuel and ammunition storage facilities and parked tactical aircraft. The original BS-1 system was designed for the 7.62mm Kalashnikov AKMS assault rifle with PBS-1 silencers. When the Soviet army switched over to 5.45x39mm ammunition, the AKMS assault rifles with PBS-1 silencer were replaced with AKS-74UB compact assault rifles with PBS-4 silencers. The original GSN-19 grenade launcher system was slightly reworked, primarily to use different launching ammunit
Unknown entity: 'C equipment, and then cause enough damage to render the target inoperative. The grenade has no propelling system in itself, instead being launched by special blank cartridges which are loaded into a detachable box magazine.</French>
		<Czech>From world.guns.ru: &lt'
Unknown entity: 'C inatallations and equipment, fuel and ammunition storage facilities and parked tactical aircraft. The original BS-1 system was designed for the 7.62mm Kalashnikov AKMS assault rifle with PBS-1 silencers. When the Soviet army switched over to 5.45x39mm ammunition, the AKMS assault rifles with PBS-1 silencer were replaced with AKS-74UB compact assault rifles with PBS-4 silencers. The original GSN-19 grenade launcher system was slightly reworked, primarily to use different launching ammunit
Unknown entity: 'C equipment, and then cause enough damage to render the target inoperative. The grenade has no propelling system in itself, instead being launched by special blank cartridges which are loaded into a detachable box magazine.</Czech>
		<Russian>From world.guns.ru: &lt'
Unknown entity: 'C inatallations and equipment, fuel and ammunition storage facilities and parked tactical aircraft. The original BS-1 system was designed for the 7.62mm Kalashnikov AKMS assault rifle with PBS-1 silencers. When the Soviet army switched over to 5.45x39mm ammunition, the AKMS assault rifles with PBS-1 silencer were replaced with AKS-74UB compact assault rifles with PBS-4 silencers. The original GSN-19 grenade launcher system was slightly reworked, primarily to use different launching ammunit
Unknown entity: 'C equipment, and then cause enough damage to render the target inoperative. The grenade has no propelling system in itself, instead being launched by special blank cartridges which are loaded into a detachable box magazine.</Russian>
		<Polish>From world.guns.ru: &lt'
Unknown entity: 'C inatallations and equipment, fuel and ammunition storage facilities and parked tactical aircraft. The original BS-1 system was designed for the 7.62mm Kalashnikov AKMS assault rifle with PBS-1 silencers. When the Soviet army switched over to 5.45x39mm ammunition, the AKMS assault rifles with PBS-1 silencer were replaced with AKS-74UB compact assault rifles with PBS-4 silencers. The original GSN-19 grenade launcher system was slightly reworked, primarily to use different launching ammunit
Unknown entity: 'C equipment, and then cause enough damage to render the target inoperative. The grenade has no propelling system in itself, instead being launched by special blank cartridges which are loaded into a detachable box magazine.</Polish>
		<Hungarian>From world.guns.ru: &lt'
Unknown entity: 'C inatallations and equipment, fuel and ammunition storage facilities and parked tactical aircraft. The original BS-1 system was designed for the 7.62mm Kalashnikov AKMS assault rifle with PBS-1 silencers. When the Soviet army switched over to 5.45x39mm ammunition, the AKMS assault rifles with PBS-1 silencer were replaced with AKS-74UB compact assault rifles with PBS-4 silencers. The original GSN-19 grenade launcher system was slightly reworked, primarily to use different launching ammunit
Unknown entity: 'C equipment, and then cause enough damage to render the target inoperative. The grenade has no propelling system in itself, instead being launched by special blank cartridges which are loaded into a detachable box magazine.</Hungarian>
    </Key>
    <Key ID="STR_VIL_AKS74UB_BS1_SHORT">
      <German>Compact assault rifle with silenced grenade launcher&lt'
Item STR_VIL_DN_BS1 listed twice
Item STR_AUTHOR_VILAS listed twice
Item STR_VIL_EASTERN listed twice
Item STR_VIL_WEAPONS listed twice
Item str_dss_10rnd_vss listed twice
Item str_dss_20rnd_vss listed twice
Item str_dn_20rnd_9x39_sp5_vss listed twice
Item str_dn_ak_107_gl_pso listed twice
Item str_dn_ak_107_kobra listed twice
Item str_dn_M40A3 listed twice
Item str_dn_rpk_74 listed twice
Item str_ep1_dn_fn_fal listed twice
Updating base class ->NonStrategic, by ca\config.bin/CfgVehicles/HouseBase/
Updating base class ->HouseBase, by ca\config.bin/CfgVehicles/Ruins/
Updating base class ->DestructionEffects, by ca\config.bin/CfgVehicles/House/DestructionEffects/
Updating base class ->FlagCarrierCore, by ca\ca_pmc\config.bin/CfgVehicles/FlagCarrier/
Updating base class ->Car, by holdenmonaro\config.bin/CfgVehicles/Car_sedan/
Updating base class ->Man, by nof_fsk\config.cpp/CfgVehicles/CAManBase/
Updating base class ->BulletCore, by ca\weapons\config.bin/CfgAmmo/BulletBase/
Updating base class ->GrenadeCore, by ca\weapons\config.bin/CfgAmmo/GrenadeBase/
Updating base class ->VehicleMagazine, by ca\weapons\config.bin/CfgMagazines/14Rnd_FFAR/
Updating base class ->PistolCore, by ca\weapons\config.bin/cfgWeapons/Pistol/
Updating base class ->Default, by ca\weapons\config.bin/cfgWeapons/GrenadeLauncher/
Updating base class ->RifleCore, by ca\weapons\config.bin/cfgWeapons/Rifle/
Updating base class ->LauncherCore, by ca\weapons\config.bin/cfgWeapons/RocketPods/
Updating base class ->RocketPods, by ca\weapons\config.bin/cfgWeapons/FFARLauncher/
Updating base class ->Default, by ca\weapons\config.bin/cfgWeapons/ItemCore/
Updating base class ->Bag_Base_EP1, by ca\weapons_e\ammoboxes\config.bin/cfgVehicles/US_Patrol_Pack_EP1/
Updating base class ->Bag_Base_EP1, by ca\weapons_e\ammoboxes\config.bin/cfgVehicles/US_Backpack_EP1/
Updating base class ->Bag_Base_EP1, by ca\weapons_e\ammoboxes\config.bin/cfgVehicles/CZ_Backpack_EP1/
Updating base class Man->CAManBase, by ca\characters\config.bin/CfgVehicles/Civilian/
Updating base class TalkTopics->TalkTopics, by bb_mercs_desert\config.bin/CfgVehicles/SoldierWB/TalkTopics/
Updating base class ->USMC_Soldier_Base, by ca\characters2\config.bin/CfgVehicles/USMC_Soldier/
Updating base class ->USMC_Soldier_Base, by ca\characters2\config.bin/CfgVehicles/USMC_Soldier_Light/
Updating base class ->USMC_Soldier_Base, by ca\characters2\config.bin/CfgVehicles/USMC_Soldier2/
Updating base class ->USMC_Soldier_Base, by ca\characters2\config.bin/CfgVehicles/USMC_Soldier_GL/
Updating base class ->USMC_Soldier_Base, by ca\characters2\config.bin/CfgVehicles/USMC_Soldier_Officer/
Updating base class ->USMC_Soldier_Base, by ca\characters2\config.bin/CfgVehicles/USMC_Soldier_SL/
Updating base class ->USMC_Soldier_Base, by ca\characters2\config.bin/CfgVehicles/USMC_Soldier_TL/
Updating base class ->USMC_Soldier_AT_Base, by ca\characters2\config.bin/CfgVehicles/USMC_Soldier_LAT/
Updating base class ->USMC_Soldier_AT_Base, by ca\characters2\config.bin/CfgVehicles/USMC_Soldier_AT/
Updating base class ->USMC_Soldier_AT_Base, by ca\characters2\config.bin/CfgVehicles/USMC_Soldier_HAT/
Updating base class ->USMC_Soldier_AT_Base, by ca\characters2\config.bin/CfgVehicles/USMC_Soldier_AA/
Updating base class ->USMC_Soldier_Base, by ca\characters2\config.bin/CfgVehicles/USMC_Soldier_Medic/
Updating base class ->USMC_Soldier_Base, by ca\characters2\config.bin/CfgVehicles/USMC_Soldier_AR/
Updating base class ->USMC_Soldier_Base, by ca\characters2\config.bin/CfgVehicles/USMC_Soldier_MG/
Updating base class ->USMC_SoldierS_Sniper, by ca\characters2\config.bin/CfgVehicles/USMC_SoldierS_SniperH/
Updating base class ->USMC_Soldier_Base, by ca\characters2\config.bin/CfgVehicles/USMC_SoldierM_Marksman/
Updating base class ->USMC_Soldier_Base, by ca\characters2\config.bin/CfgVehicles/USMC_SoldierS/
Updating base class ->USMC_Soldier_Base, by ca\characters2\config.bin/CfgVehicles/USMC_SoldierS_Engineer/
Updating base class ->FR_Base, by ca\characters2\config.bin/CfgVehicles/FR_TL/
Updating base class ->FR_Base, by ca\characters2\config.bin/CfgVehicles/FR_R/
Updating base class ->FR_Base, by ca\characters2\config.bin/CfgVehicles/FR_Marksman/
Updating base class ->FR_Base, by ca\characters2\config.bin/CfgVehicles/FR_Corpsman/
Updating base class ->FR_Base, by ca\characters2\config.bin/CfgVehicles/FR_AR/
Updating base class ->FR_Base, by ca\characters2\config.bin/CfgVehicles/FR_GL/
Updating base class ->FR_Base, by ca\characters2\config.bin/CfgVehicles/FR_Sapper/
Updating base class ->FR_Base, by ca\characters2\config.bin/CfgVehicles/FR_AC/
Updating base class ->RU_Soldier_Base, by ca\characters2\config.bin/CfgVehicles/RU_Soldier2/
Updating base class Soldier->MVD_Soldier_Base, by ca\characters2\config.bin/CfgVehicles/MVD_Soldier/
Updating base class ->Citizen, by ca\characters2\config.bin/CfgVehicles/Citizen1/
Updating base class ->US_Soldier_Base_EP1, by ca\characters_e\config.bin/CfgVehicles/US_Delta_Force_EP1/
Updating base class ->US_Soldier_Base_EP1, by ca\characters_e\config.bin/CfgVehicles/US_Delta_Force_TL_EP1/
Updating base class ->US_Delta_Force_EP1, by ca\characters_e\config.bin/CfgVehicles/US_Delta_Force_Medic_EP1/
Updating base class ->US_Delta_Force_EP1, by ca\characters_e\config.bin/CfgVehicles/US_Delta_Force_AR_EP1/
Updating base class ->US_Delta_Force_EP1, by ca\characters_e\config.bin/CfgVehicles/US_Delta_Force_Marksman_EP1/
Updating base class ->US_Delta_Force_EP1, by ca\characters_e\config.bin/CfgVehicles/US_Delta_Force_Air_Controller_EP1/
Updating base class ->HMMWV_Base, by ca\wheeled\config.bin/CfgVehicles/HMMWV_M2/
Updating base class ->HMMWV_Base, by ca\wheeled\config.bin/CfgVehicles/HMMWV_TOW/
Updating base class ->HMMWV_Base, by ca\wheeled\config.bin/CfgVehicles/HMMWV_MK19/
Updating base class Car->SkodaBase, by ca\wheeled\config.bin/CfgVehicles/car_sedan/
Updating base class ->Pickup_PK_base, by ca\wheeled\datsun_armed\config.bin/CfgVehicles/Pickup_PK_GUE/
Updating base class ->Offroad_DSHKM_base, by ca\wheeled\hilux_armed\config.bin/CfgVehicles/Offroad_DSHKM_Gue/
Updating base class ->Offroad_DSHKM_base, by ca\wheeled\hilux_armed\config.bin/CfgVehicles/Offroad_SPG9_Gue/
Updating base class ->UH60_Base, by ca\air\config.bin/CfgVehicles/MH60S/
Updating base class ->House, by ca\misc3\config.bin/CfgVehicles/Land_Fire/
Updating base class ->House, by ca\misc3\config.bin/CfgVehicles/Land_A_tent/
Updating base class ->Camp_base, by ca\misc3\config.bin/CfgVehicles/ACamp/
Updating base class ->Car, by ca\wheeled2\lada\config.bin/CfgVehicles/Lada_base/
Updating base class StreetLamp_EP1->StreetLamp, by z\addons\dayz_code\config.bin/CfgNonAIVehicles/Land_Lamp_Small_EP1/
Updating base class StreetLamp_EP1->StreetLamp, by z\addons\dayz_code\config.bin/CfgNonAIVehicles/Land_Lamp_Street1_EP1/
Updating base class StreetLamp_EP1->StreetLamp, by z\addons\dayz_code\config.bin/CfgNonAIVehicles/Land_Lamp_Street2_EP1/
Updating base class StreetLamp_EP1->StreetLamp, by z\addons\dayz_code\config.bin/CfgNonAIVehicles/Land_Lampa_Ind_EP1/
Updating base class StreetLamp_EP1->StreetLamp, by z\addons\dayz_code\config.bin/CfgNonAIVehicles/Land_PowLines_Conc2L_EP1/
Updating base class StreetLamp_BaseMediumOrange->StreetLamp, by z\addons\dayz_code\config.bin/CfgNonAIVehicles/Land_lampa_sidl/
Updating base class StreetLamp_BaseMediumOrange->StreetLamp, by z\addons\dayz_code\config.bin/CfgNonAIVehicles/Land_lampa_sidl_2/
Updating base class StreetLamp_BaseMediumOrange->StreetLamp, by z\addons\dayz_code\config.bin/CfgNonAIVehicles/Land_lampa_sidl_3/
Updating base class StreetLamp_BaseWeakYellow->StreetLamp, by z\addons\dayz_code\config.bin/CfgNonAIVehicles/Land_lampa_ind/
Updating base class StreetLamp_BaseWeakYellow->StreetLamp, by z\addons\dayz_code\config.bin/CfgNonAIVehicles/Land_lampa_ind_zebr/
Updating base class RscStandardDisplay->, by z\addons\dayz_code\config.bin/RscDisplayStart/
Updating base class RscShortcutButton->RscShortcutButtonMain, by z\addons\dayz_code\config.bin/RscDisplayMain/controls/CA_Exit/
Updating base class RscText->, by z\addons\dayz_code\config.bin/RscTitles/Default/
Updating base class zZombie_Base->zZombie_new_Base, by z\addons\dayz_code\config.bin/CfgVehicles/z_villager1/
Updating base class zZombie_Base->zZombie_new_Base, by z\addons\dayz_code\config.bin/CfgVehicles/z_worker1/
Updating base class Soldier_Crew_PMC->Soldier_Bodyguard_M4_PMC, by z\addons\dayz_code\config.bin/CfgVehicles/SurvivorW2_DZ/
Updating base class HighCommand->Logic, by z\addons\dayz_code\config.bin/CfgVehicles/HighCommandSubordinate/
Updating base class ->ViewOptics, by z\addons\dayz_code\config.bin/CfgVehicles/Mi17_base/Turrets/MainTurret/ViewOptics/
Updating base class HouseBase->, by z\addons\dayz_code\config.bin/CfgVehicles/House/
Updating base class NonStrategic->BuiltItems, by z\addons\dayz_code\config.bin/CfgVehicles/Fort_RazorWire/
Updating base class MeleeHatchet->MeleeWeapon, by z\addons\dayz_code\config.bin/CfgWeapons/MeleeCrowbar/
Updating base class Default->OW_Nope, by z\addons\dayz_code\config.bin/CfgFaces/Man/Merc_Face1/
Updating base class Default->OW_Nope, by z\addons\dayz_code\config.bin/CfgFaces/Man/Merc_Face2/
Updating base class Default->OW_Nope, by z\addons\dayz_code\config.bin/CfgFaces/Man/Merc_Face3/
Updating base class Default->OW_Nope, by z\addons\dayz_code\config.bin/CfgFaces/Man/Merc_Face4/
Updating base class Default->OW_Nope, by z\addons\dayz_code\config.bin/CfgFaces/Man/Merc_Face5/
Updating base class Default->OW_Nope, by z\addons\dayz_code\config.bin/CfgFaces/Man/Merc_Face5_camo/
Updating base class Default->OW_Nope, by z\addons\dayz_code\config.bin/CfgFaces/Man/Merc_Face6/
Updating base class Default->OW_Nope, by z\addons\dayz_code\config.bin/CfgFaces/Man/Merc_Face6_camo/
Updating base class Default->OW_Nope, by z\addons\dayz_code\config.bin/CfgFaces/Man/Merc_Face7/
Updating base class Default->OW_Nope, by z\addons\dayz_code\config.bin/CfgFaces/Man/Merc_Face8/
Updating base class Default->OW_Nope, by z\addons\dayz_code\config.bin/CfgFaces/Man/Merc_Face8_camo/
Updating base class Default->OW_Nope, by z\addons\dayz_code\config.bin/CfgFaces/Man/Merc_Face9/
Updating base class Default->OW_Nope, by z\addons\dayz_code\config.bin/CfgFaces/Man/Merc_Face10/
Updating base class Default->OW_Nope, by z\addons\dayz_code\config.bin/CfgFaces/Man/Merc_Face11/
Updating base class Default->OW_Nope, by z\addons\dayz_code\config.bin/CfgFaces/Man/Merc_Face12/
Updating base class Default->OW_Nope, by z\addons\dayz_code\config.bin/CfgFaces/Man/Merc_Face13/
Updating base class Default->OW_Nope, by z\addons\dayz_code\config.bin/CfgFaces/Man/Merc_Face13_camo/
Updating base class Default->OW_Nope, by z\addons\dayz_code\config.bin/CfgFaces/Man/Merc_Face14/
Updating base class Default->OW_Nope, by z\addons\dayz_code\config.bin/CfgFaces/Man/Merc_Face15/
Updating base class Default->OW_Nope, by z\addons\dayz_code\config.bin/CfgFaces/Man/Merc_Face16/
Updating base class Default->OW_Nope, by z\addons\dayz_code\config.bin/CfgFaces/Man/Merc_Face17/
Updating base class Default->OW_Nope, by z\addons\dayz_code\config.bin/CfgFaces/Man/Merc_Face18/
Updating base class Default->OW_Nope, by z\addons\dayz_code\config.bin/CfgFaces/Man/Merc_Face19/
Updating base class Default->OW_Nope, by z\addons\dayz_code\config.bin/CfgFaces/Man/Merc_Face20/
Updating base class Default->OW_Nope, by z\addons\dayz_code\config.bin/CfgFaces/Man/Merc_Face21/
Updating base class Default->OW_Nope, by z\addons\dayz_code\config.bin/CfgFaces/Man/Merc_Face22/
Updating base class Default->OW_Nope, by z\addons\dayz_code\config.bin/CfgFaces/Man/Merc_Face23/
Updating base class Default->OW_Nope, by z\addons\dayz_code\config.bin/CfgFaces/Man/Merc_Face24/
Updating base class Default->OW_Nope, by z\addons\dayz_code\config.bin/CfgFaces/Man/Merc_Face25/
Updating base class Default->OW_Nope, by z\addons\dayz_code\config.bin/CfgFaces/Man/Merc_Face26/
Updating base class ->OW_Nope, by z\addons\dayz_code\config.bin/CfgFaces/Man/Merc_Face27/
Updating base class ->OW_Nope, by z\addons\dayz_code\config.bin/CfgFaces/Man/Merc_Face28/
Updating base class Default->OW_Nope, by z\addons\dayz_code\config.bin/CfgFaces/Man/Merc_Face29/
Updating base class Default->OW_Nope, by z\addons\dayz_code\config.bin/CfgFaces/Man/Merc_Face30/
Updating base class Default->OW_Nope, by z\addons\dayz_code\config.bin/CfgFaces/Man/Merc_Face31/
Updating base class Default->OW_Nope, by z\addons\dayz_code\config.bin/CfgFaces/Man/Merc_Face32/
Updating base class Default->OW_Nope, by z\addons\dayz_code\config.bin/CfgFaces/Man/Merc_Face33/
Updating base class ->None, by z\addons\dayz_code\config.bin/CfgGlasses/Pro_Helmet/
Updating base class ->None, by z\addons\dayz_code\config.bin/CfgGlasses/Pro_Helmet_g/
Updating base class ->None, by z\addons\dayz_code\config.bin/CfgGlasses/Pro_Helmet_2/
Updating base class ->None, by z\addons\dayz_code\config.bin/CfgGlasses/Kevlar_Helmet/
Updating base class ->None, by z\addons\dayz_code\config.bin/CfgGlasses/Kevlar_Helmet_g/
Updating base class ->None, by z\addons\dayz_code\config.bin/CfgGlasses/wdl_helmet/
Updating base class ->None, by z\addons\dayz_code\config.bin/CfgGlasses/Barett/
Updating base class ->None, by z\addons\dayz_code\config.bin/CfgGlasses/US_green_beret/
Updating base class ->None, by z\addons\dayz_code\config.bin/CfgGlasses/US_black_beret/
Updating base class ->None, by z\addons\dayz_code\config.bin/CfgGlasses/Barett_g/
Updating base class ->None, by z\addons\dayz_code\config.bin/CfgGlasses/Bdu_cap/
Updating base class ->None, by z\addons\dayz_code\config.bin/CfgGlasses/Bdu_cap_g/
Updating base class ->None, by z\addons\dayz_code\config.bin/CfgGlasses/b_TacticalGlasses/
Updating base class ->None, by z\addons\dayz_code\config.bin/CfgGlasses/headset/
Updating base class ->None, by z\addons\dayz_code\config.bin/CfgGlasses/headset_g/
Updating base class ->None, by z\addons\dayz_code\config.bin/CfgGlasses/gasmask/
Updating base class ->None, by z\addons\dayz_code\config.bin/CfgGlasses/gasmask2/
Updating base class ->None, by z\addons\dayz_code\config.bin/CfgGlasses/gasmask_helmet/
Updating base class ->None, by z\addons\dayz_code\config.bin/CfgGlasses/gasmask_red/
Updating base class ->None, by z\addons\dayz_code\config.bin/CfgGlasses/gasmask_helmet2/
Updating base class ->None, by z\addons\dayz_code\config.bin/CfgGlasses/pilot_mask/
Updating base class ->None, by z\addons\dayz_code\config.bin/CfgGlasses/pilot_mask_v/
Updating base class ->None, by z\addons\dayz_code\config.bin/CfgGlasses/pilot_v/
Updating base class ->None, by z\addons\dayz_code\config.bin/CfgGlasses/skull_cap/
Updating base class ->None, by z\addons\dayz_code\config.bin/CfgGlasses/skull_cap2/
Updating base class ->None, by z\addons\dayz_code\config.bin/CfgGlasses/taliban_hat_shadow/
Updating base class ->None, by z\addons\dayz_code\config.bin/CfgGlasses/dive_mask/
Updating base class ->None, by z\addons\dayz_code\config.bin/CfgGlasses/BlackSun_sof_w/
Updating base class ->None, by z\addons\dayz_code\config.bin/CfgGlasses/RedSun_sof_w/
Updating base class ->None, by z\addons\dayz_code\config.bin/CfgGlasses/None_sof_w/
Updating base class ->None, by z\addons\dayz_code\config.bin/CfgGlasses/goggles_winter/
Updating base class VehicleMagazine->CA_Magazine, by z\addons\dayz_code\config.bin/CfgMagazines/29Rnd_30mm_AGS30/
Updating base class VehicleMagazine->CA_Magazine, by z\addons\dayz_code\config.bin/CfgMagazines/48Rnd_40mm_MK19/
Updating base class 4000Rnd_762x51_M134->CA_Magazine, by z\addons\dayz_code\config.bin/CfgMagazines/2000Rnd_762x51_M134/
Updating base class VehicleMagazine->CA_Magazine, by z\addons\dayz_code\config.bin/CfgMagazines/100Rnd_127x99_M2/
Updating base class VehicleMagazine->CA_Magazine, by z\addons\dayz_code\config.bin/CfgMagazines/50Rnd_127x107_DSHKM/
Updating base class Hatchet_Swing->Melee_Swing, by z\addons\dayz_code\config.bin/CfgMagazines/crowbar_swing/
Updating base class CA_Magazine->Melee_Swing, by z\addons\dayz_code\config.bin/CfgMagazines/Hatchet_Swing/
Updating base class Land_HouseV_1I2->House, by zero_buildings\config.cpp/CfgVehicles/Land_HouseV_1L2/
Updating base class Land_HouseV_1I2->House, by zero_buildings\config.cpp/CfgVehicles/Land_HouseV_3I3/
Updating base class ->Plane, by ca\air2\mv22\config.bin/CfgVehicles/MV22/
Updating base class ViewOptics->, by ca\air2\uh1y\config.bin/CfgVehicles/UH1_Base/Turrets/MainTurret/ViewOptics/
Updating base class ->HouseBase, by ca\misc_e\config.bin/CfgVehicles/House/
Updating base class ->Land_CamoNet_EAST, by ca\misc_e\config.bin/CfgVehicles/Land_CamoNet_EAST_EP1/
Updating base class ->Land_CamoNetB_EAST, by ca\misc_e\config.bin/CfgVehicles/Land_CamoNetB_EAST_EP1/
Updating base class ->Sign_1L_Noentry, by ca\misc_e\config.bin/CfgVehicles/Sign_1L_Noentry_EP1/
Updating base class ->Sign_circle, by ca\misc_e\config.bin/CfgVehicles/Helper_Base_EP1/
Updating base class ->Rifle, by ca\weapons_baf\config.bin/cfgWeapons/BAF_AS50_scoped/
Updating base class ->Rifle, by ca\weapons_e\config.bin/cfgWeapons/M60A4_EP1/
Updating base class ->M249, by ca\weapons_e\config.bin/cfgWeapons/M249_EP1/
Updating base class ->M249, by ca\weapons_e\config.bin/cfgWeapons/M249_m145_EP1/
Updating base class ->m107, by ca\weapons_e\m107\config.bin/CfgWeapons/m107_TWS_EP1/
Updating base class ->M240, by ca\weapons_e\m240\config.bin/CfgWeapons/m240_scoped_EP1/
Updating base class ->V3S_Base, by ca\wheeled_e\v3s\config.bin/CfgVehicles/V3S_Base_EP1/
Updating base class ->V3S_Base_EP1, by ca\wheeled_e\v3s\config.bin/CfgVehicles/V3S_Refuel_TK_GUE_EP1/
Updating base class AKS_BASE->AK_BASE, by vilas_aks_cfg\config.cpp/cfgWeapons/AKS_74_UN_kobra/
Updating base class House->DZE_OpenHouse, by warehouse\config.bin/CfgVehicles/Land_Ind_Pec_03/
Updating base class ->C130J_base, by ca\air_e\config.bin/CfgVehicles/C130J_US_EP1/
Updating base class ->Helicopter, by ca\air_e\ah6j\config.bin/CfgVehicles/AH6_Base_EP1/
Updating base class ->Plane, by ca\air_e\an2\config.bin/CfgVehicles/An2_Base_EP1/
Updating base class ->CH47_base_EP1, by ca\air_e\ch47\config.bin/CfgVehicles/CH_47F_EP1/
Updating base class ViewOptics->, by ca\air_e\uh1h\config.bin/CfgVehicles/UH1H_base/Turrets/MainTurret/ViewOptics/
Updating base class ->Soldier_Base_PMC, by ca\characters_pmc\config.bin/cfgVehicles/Soldier_Crew_PMC/
Updating base class ->Soldier_Base_PMC, by ca\characters_pmc\config.bin/cfgVehicles/Soldier_TL_PMC/
Updating base class ->Soldier_Base_PMC, by ca\characters_pmc\config.bin/cfgVehicles/Soldier_Bodyguard_M4_PMC/
Updating base class ->Soldier_Base_PMC, by ca\characters_pmc\config.bin/cfgVehicles/Soldier_Bodyguard_AA12_PMC/
Updating base class ->BAF_Soldier_MTP, by ca\characters_w_baf\config.bin/CfgVehicles/BAF_Soldier_W/
Updating base class ->BAF_Soldier_L_MTP, by ca\characters_w_baf\config.bin/CfgVehicles/BAF_Soldier_L_W/
Updating base class ->BAF_Soldier_Officer_MTP, by ca\characters_w_baf\config.bin/CfgVehicles/BAF_Soldier_Officer_W/
Updating base class ->BAF_Soldier_SniperH_MTP, by ca\characters_w_baf\config.bin/CfgVehicles/BAF_Soldier_SniperH_W/
Updating base class ->M113Ambul_Base, by ca\tracked_e\m113\config.bin/CfgVehicles/M113Ambul_UN_EP1/
Updating base class ->M113_Base, by ca\tracked_e\m113\config.bin/CfgVehicles/M113_UN_EP1/
Updating base class ->M113Ambul_Base, by ca\tracked_e\m113\config.bin/CfgVehicles/M113Ambul_TK_EP1/
Updating base class ->M113_Base, by ca\tracked_e\m113\config.bin/CfgVehicles/M113_TK_EP1/
Updating base class ->Helicopter, by ca\air_d_baf\config.bin/CfgVehicles/BAF_Merlin_HC3_D/
Updating base class AK_BASE->AKS_BASE, by ca\communityconfigurationproject_e\ai_madeaks74unkobrafullysilenced\config.bin/CfgWeapons/AKS_74_UN_kobra/
Updating base class ReammoBox->Small_items, by corepatch\corepatch_additionalobjects\config.cpp/CfgVehicles/CardboardBox/
Updating base class ->Mode_FullAuto, by corepatch\corepatch_ccp_68220\config.cpp/CfgWeapons/G36a/FullAuto/
Updating base class ->Mode_SemiAuto, by corepatch\corepatch_ccp_68220\config.cpp/CfgWeapons/G36a/Single/
Updating base class CA_Magazine->4000Rnd_762x51_M134, by corepatch\corepatch_ccp_71142_cit_13602_25047\config.cpp/CfgMagazines/2000Rnd_762x51_M134/
21:59:24 Initializing Steam server - Game Port: 6300, Steam Query Port: 6301
21:59:25 Connected to Steam servers
21:59:34 Server error: Player without identity Ziltoid (id 567968275)
21:59:34 Server error: Player without identity Ziltoid (id 567968275)
21:59:34 Server error: Player without identity Ziltoid (id 567968275)
21:59:34 Server error: Player without identity Ziltoid (id 567968275)
21:59:34 Server error: Player without identity Ziltoid (id 567968275)
21:59:34 Server error: Player without identity Ziltoid (id 567968275)
21:59:34 Server error: Player without identity Ziltoid (id 567968275)
21:59:34 Server error: Player without identity Ziltoid (id 567968275)
21:59:34 Server error: Player without identity Ziltoid (id 567968275)
21:59:34 Server error: Player without identity Ziltoid (id 567968275)
21:59:34 Server error: Player without identity Ziltoid (id 567968275)
21:59:34 Server error: Player without identity Ziltoid (id 567968275)
21:59:34 Server error: Player without identity Ziltoid (id 567968275)
21:59:34 Server error: Player without identity Ziltoid (id 567968275)
21:59:34 Server error: Player without identity Ziltoid (id 567968275)
21:59:34 Server error: Player without identity Ziltoid (id 567968275)
21:59:34 Server error: Player without identity Ziltoid (id 567968275)
21:59:34 Server error: Player without identity Ziltoid (id 567968275)
21:59:34 Server error: Player without identity Ziltoid (id 567968275)
21:59:45 Strange convex component81 in zero_buildings\models\housev_3i3_i.p3d:geometryFire
21:59:46 Strange convex component288 in warehouse\models\warehouse.p3d:geometry
21:59:46 Strange convex component289 in warehouse\models\warehouse.p3d:geometry
21:59:46 Strange convex component290 in warehouse\models\warehouse.p3d:geometry
21:59:46 Strange convex component291 in warehouse\models\warehouse.p3d:geometry
21:59:46 Strange convex component292 in warehouse\models\warehouse.p3d:geometry
21:59:46 Strange convex component293 in warehouse\models\warehouse.p3d:geometry
21:59:46 Strange convex component294 in warehouse\models\warehouse.p3d:geometry
21:59:46 Strange convex component295 in warehouse\models\warehouse.p3d:geometry
21:59:46 Strange convex component296 in warehouse\models\warehouse.p3d:geometry
21:59:46 Strange convex component297 in warehouse\models\warehouse.p3d:geometry
21:59:46 Strange convex component298 in warehouse\models\warehouse.p3d:geometry
21:59:46 Strange convex component299 in warehouse\models\warehouse.p3d:geometry
21:59:46 Strange convex component300 in warehouse\models\warehouse.p3d:geometry
21:59:46 Strange convex component301 in warehouse\models\warehouse.p3d:geometry
21:59:46 Strange convex component302 in warehouse\models\warehouse.p3d:geometry
21:59:46 Strange convex component303 in warehouse\models\warehouse.p3d:geometry
21:59:46 Strange convex component304 in warehouse\models\warehouse.p3d:geometry
21:59:46 Strange convex component305 in warehouse\models\warehouse.p3d:geometry
21:59:46 Strange convex component306 in warehouse\models\warehouse.p3d:geometry
21:59:46 Strange convex component307 in warehouse\models\warehouse.p3d:geometry
21:59:46 Strange convex component308 in warehouse\models\warehouse.p3d:geometry
21:59:46 Strange convex component309 in warehouse\models\warehouse.p3d:geometry
21:59:46 Strange convex component310 in warehouse\models\warehouse.p3d:geometry
21:59:46 Strange convex component311 in warehouse\models\warehouse.p3d:geometry
21:59:46 Strange convex component312 in warehouse\models\warehouse.p3d:geometry
21:59:46 Strange convex component313 in warehouse\models\warehouse.p3d:geometry
21:59:46 Strange convex component314 in warehouse\models\warehouse.p3d:geometry
21:59:46 Strange convex component315 in warehouse\models\warehouse.p3d:geometry
21:59:46 Strange convex component316 in warehouse\models\warehouse.p3d:geometry
21:59:46 Strange convex component317 in warehouse\models\warehouse.p3d:geometry
21:59:46 Strange convex component252 in warehouse\models\warehouse.p3d:geometryFire
21:59:46 Strange convex component253 in warehouse\models\warehouse.p3d:geometryFire
21:59:46 Strange convex component254 in warehouse\models\warehouse.p3d:geometryFire
21:59:46 Strange convex component255 in warehouse\models\warehouse.p3d:geometryFire
21:59:46 Strange convex component256 in warehouse\models\warehouse.p3d:geometryFire
21:59:46 Strange convex component257 in warehouse\models\warehouse.p3d:geometryFire
21:59:46 Strange convex component258 in warehouse\models\warehouse.p3d:geometryFire
21:59:46 Strange convex component259 in warehouse\models\warehouse.p3d:geometryFire
21:59:46 Strange convex component260 in warehouse\models\warehouse.p3d:geometryFire
21:59:46 Strange convex component261 in warehouse\models\warehouse.p3d:geometryFire
21:59:46 Strange convex component262 in warehouse\models\warehouse.p3d:geometryFire
21:59:46 Strange convex component263 in warehouse\models\warehouse.p3d:geometryFire
21:59:46 Strange convex component264 in warehouse\models\warehouse.p3d:geometryFire
21:59:46 Strange convex component265 in warehouse\models\warehouse.p3d:geometryFire
21:59:46 Strange convex component266 in warehouse\models\warehouse.p3d:geometryFire
21:59:46 Strange convex component267 in warehouse\models\warehouse.p3d:geometryFire
21:59:46 Strange convex component268 in warehouse\models\warehouse.p3d:geometryFire
21:59:46 Strange convex component269 in warehouse\models\warehouse.p3d:geometryFire
21:59:46 Strange convex component270 in warehouse\models\warehouse.p3d:geometryFire
21:59:46 Strange convex component271 in warehouse\models\warehouse.p3d:geometryFire
21:59:46 Strange convex component272 in warehouse\models\warehouse.p3d:geometryFire
21:59:46 Strange convex component273 in warehouse\models\warehouse.p3d:geometryFire
21:59:46 Strange convex component274 in warehouse\models\warehouse.p3d:geometryFire
21:59:46 Strange convex component275 in warehouse\models\warehouse.p3d:geometryFire
21:59:46 Strange convex component276 in warehouse\models\warehouse.p3d:geometryFire
21:59:46 Strange convex component277 in warehouse\models\warehouse.p3d:geometryFire
21:59:46 Strange convex component278 in warehouse\models\warehouse.p3d:geometryFire
21:59:46 Strange convex component279 in warehouse\models\warehouse.p3d:geometryFire
21:59:46 Strange convex component280 in warehouse\models\warehouse.p3d:geometryFire
21:59:46 Strange convex component281 in warehouse\models\warehouse.p3d:geometryFire
21:59:46 Strange convex component249 in warehouse\models\warehouse.p3d:geometryView
21:59:46 Strange convex component250 in warehouse\models\warehouse.p3d:geometryView
21:59:46 Strange convex component251 in warehouse\models\warehouse.p3d:geometryView
21:59:46 Strange convex component252 in warehouse\models\warehouse.p3d:geometryView
21:59:46 Strange convex component253 in warehouse\models\warehouse.p3d:geometryView
21:59:46 Strange convex component254 in warehouse\models\warehouse.p3d:geometryView
21:59:46 Strange convex component255 in warehouse\models\warehouse.p3d:geometryView
21:59:46 Strange convex component256 in warehouse\models\warehouse.p3d:geometryView
21:59:46 Strange convex component257 in warehouse\models\warehouse.p3d:geometryView
21:59:46 Strange convex component258 in warehouse\models\warehouse.p3d:geometryView
21:59:46 Strange convex component259 in warehouse\models\warehouse.p3d:geometryView
21:59:46 Strange convex component260 in warehouse\models\warehouse.p3d:geometryView
21:59:46 Strange convex component261 in warehouse\models\warehouse.p3d:geometryView
21:59:46 Strange convex component262 in warehouse\models\warehouse.p3d:geometryView
21:59:46 Strange convex component263 in warehouse\models\warehouse.p3d:geometryView
21:59:46 Strange convex component264 in warehouse\models\warehouse.p3d:geometryView
21:59:46 Strange convex component265 in warehouse\models\warehouse.p3d:geometryView
21:59:46 Strange convex component266 in warehouse\models\warehouse.p3d:geometryView
21:59:46 Strange convex component267 in warehouse\models\warehouse.p3d:geometryView
21:59:46 Strange convex component268 in warehouse\models\warehouse.p3d:geometryView
21:59:46 Strange convex component269 in warehouse\models\warehouse.p3d:geometryView
21:59:46 Strange convex component270 in warehouse\models\warehouse.p3d:geometryView
21:59:46 Strange convex component271 in warehouse\models\warehouse.p3d:geometryView
21:59:46 Strange convex component272 in warehouse\models\warehouse.p3d:geometryView
21:59:46 Strange convex component273 in warehouse\models\warehouse.p3d:geometryView
21:59:46 Strange convex component274 in warehouse\models\warehouse.p3d:geometryView
21:59:46 Strange convex component275 in warehouse\models\warehouse.p3d:geometryView
21:59:46 Strange convex component276 in warehouse\models\warehouse.p3d:geometryView
21:59:46 Strange convex component277 in warehouse\models\warehouse.p3d:geometryView
21:59:46 Strange convex component278 in warehouse\models\warehouse.p3d:geometryView
21:59:48 "DayZ Epoch: PRELOAD Functions\init [[<No group>:0 (FunctionsManager)],any]"
21:59:48 "DayZ Epoch: MPframework inited"
21:59:48 "Loading Server Options"
21:59:48 "infiSTAR.de - Waiting for BIS_fnc_init..."
21:59:49 Strange convex component93 in zero_buildings\models\mil_house_i.p3d:geometryView
21:59:49 Strange convex component94 in zero_buildings\models\mil_house_i.p3d:geometryView
21:59:49 Strange convex component95 in zero_buildings\models\mil_house_i.p3d:geometryView
21:59:49 Strange convex component96 in zero_buildings\models\mil_house_i.p3d:geometryView
21:59:49 Strange convex component99 in zero_buildings\models\mil_house_i.p3d:geometryView
21:59:49 Strange convex component100 in zero_buildings\models\mil_house_i.p3d:geometryView
21:59:49 Strange convex component101 in zero_buildings\models\mil_house_i.p3d:geometryView
21:59:49 Strange convex component102 in zero_buildings\models\mil_house_i.p3d:geometryView
21:59:49 Strange convex component103 in zero_buildings\models\mil_house_i.p3d:geometryView
21:59:49 Strange convex component104 in zero_buildings\models\mil_house_i.p3d:geometryView
21:59:49 Strange convex component105 in zero_buildings\models\mil_house_i.p3d:geometryView
21:59:49 Strange convex component106 in zero_buildings\models\mil_house_i.p3d:geometryView
21:59:49 Strange convex component107 in zero_buildings\models\mil_house_i.p3d:geometryView
21:59:49 Strange convex component108 in zero_buildings\models\mil_house_i.p3d:geometryView
21:59:49 Strange convex component109 in zero_buildings\models\mil_house_i.p3d:geometryView
21:59:49 Strange convex component110 in zero_buildings\models\mil_house_i.p3d:geometryView
21:59:49 Strange convex component111 in zero_buildings\models\mil_house_i.p3d:geometryView
21:59:49 Strange convex component112 in zero_buildings\models\mil_house_i.p3d:geometryView
21:59:49 Strange convex component113 in zero_buildings\models\mil_house_i.p3d:geometryView
21:59:49 Strange convex component114 in zero_buildings\models\mil_house_i.p3d:geometryView
21:59:49 Strange convex component115 in zero_buildings\models\mil_house_i.p3d:geometryView
21:59:49 Strange convex component116 in zero_buildings\models\mil_house_i.p3d:geometryView
21:59:49 Strange convex component117 in zero_buildings\models\mil_house_i.p3d:geometryView
21:59:49 Strange convex component118 in zero_buildings\models\mil_house_i.p3d:geometryView
21:59:49 Strange convex component119 in zero_buildings\models\mil_house_i.p3d:geometryView
21:59:49 Strange convex component120 in zero_buildings\models\mil_house_i.p3d:geometryView
21:59:49 Strange convex component121 in zero_buildings\models\mil_house_i.p3d:geometryView
21:59:49 Strange convex component122 in zero_buildings\models\mil_house_i.p3d:geometryView
21:59:49 Strange convex component123 in zero_buildings\models\mil_house_i.p3d:geometryView
21:59:49 Strange convex component124 in zero_buildings\models\mil_house_i.p3d:geometryView
21:59:49 Strange convex component125 in zero_buildings\models\mil_house_i.p3d:geometryView
21:59:49 Strange convex component126 in zero_buildings\models\mil_house_i.p3d:geometryView
21:59:49 Strange convex component127 in zero_buildings\models\mil_house_i.p3d:geometryView
21:59:49 Strange convex component128 in zero_buildings\models\mil_house_i.p3d:geometryView
21:59:49 Strange convex component129 in zero_buildings\models\mil_house_i.p3d:geometryView
21:59:49 Strange convex component130 in zero_buildings\models\mil_house_i.p3d:geometryView
21:59:49 Strange convex component131 in zero_buildings\models\mil_house_i.p3d:geometryView
21:59:49 Strange convex component132 in zero_buildings\models\mil_house_i.p3d:geometryView
21:59:49 Strange convex component133 in zero_buildings\models\mil_house_i.p3d:geometryView
21:59:49 Strange convex component134 in zero_buildings\models\mil_house_i.p3d:geometryView
21:59:51 "infiSTAR.de - BIS_fnc_init done - AntiHack STARTING...!"
21:59:51 Warning Message: Script low_admins.sqf not found
21:59:51 Warning Message: Script normal_admins.sqf not found
21:59:51 Warning Message: Script super_admins.sqf not found
21:59:51 Warning Message: Script blacklist.sqf not found
21:59:51 "infiSTAR.de - iproductVersion: 27-Jun-2016 15-16-24-v1431A | Server productVersion: ["ArmA 2 OA","ArmA2OA",163,131129] | worldName: Chernarus | dayz_instance: 11 | missionName: DayZ_Epoch_11"
21:59:51 "infiSTAR.de - _fnc_RandomGen: {
_abc = ['z','y','x','w','v','u','t','s','r','q','p','o','n','m','l','k','j','i','h','g','f','e','d','c','b','a'];
_gen = _abc select (random ((count _abc)-1));
_arr = ['6','U','1','l','w','q','e','L','Q','c','1','c','k','H','D','C','d','U','X','W','8','w','Q','e','X','T','j','b','h','M'];
for '_i' from 0 to (8+(round(random 3))) do {_gen = _gen + str(round(random 9)) + (_arr select (random ((count _arr)-1)));};
_gen
}"
21:59:51 "infiSTAR.de - _simple: c3H3X6d2w4W389X4k515H6j38"
21:59:51 "infiSTAR.de - _dialogIds: a716Q5D187C0Q4W0e1w918l"
21:59:51 "infiSTAR.de - _badtxts: b8Q8j5c5w7e8W7l114T5q5e"
21:59:51 "infiSTAR.de - _randvar1: g6H4C0H3k0D761h2q9X111e"
21:59:51 "infiSTAR.de - _randvar2: z8w2L7w3Q8U3k7W28818h"
21:59:51 "infiSTAR.de - _randvar0: g9l0C319h16311U412C2W"
21:59:51 "infiSTAR.de - _randvar3: n715U6T6q1l3D6X5L3H2Q8X28"
21:59:51 "infiSTAR.de - _randvar4: w9D8M8U6k967X5U4d3j0d3X2Q"
21:59:51 "infiSTAR.de - _randvar5: n164U8U8c5e2e3e215T2w"
21:59:51 "infiSTAR.de - _randvar6: j3l3Q7H8h5e6w814l5k1w4k"
21:59:51 "infiSTAR.de - _randvar8: d8j1b9Q3L2b1D5L6L5Q4U"
21:59:51 "infiSTAR.de - _randvar11: p4l1U7j3j7X6X3l2H0D4L9C"
21:59:51 "infiSTAR.de - _randvar12: n5c1b5w711c1X6e5c3d1w3k3l"
21:59:51 "infiSTAR.de - _randvar13: g618C2U1U2d4h084W7e4k7Q"
21:59:51 "infiSTAR.de - _randvar19: l7Q7X6X3e3C0H517b686k8c"
21:59:51 "infiSTAR.de - _randvar20: z5w7e8l2w2T2U5X3h2Q6e2H6C"
21:59:51 "infiSTAR.de - _randvar27: t8w1w3d4c6k4U7l8H581l0l51"
21:59:51 "infiSTAR.de - _randvar26: o6D5T4j2X4X418k3w1q4c"
21:59:51 "infiSTAR.de - _randvar25: t8e7T3U9T1Q6e9e3k7c7U2Q"
21:59:51 "infiSTAR.de - _randvar31: e1c3j0X8Q6j7q1q6U6k"
21:59:51 "infiSTAR.de - _randvar32: i2C3c1c6Q3X7d6T8c2h8e3j1j"
21:59:51 "infiSTAR.de - _randvar33: k3Q4w3d2X1X8T7e8w5Q7c1T3C"
21:59:51 "infiSTAR.de - _randvar34: b6q9U1c1w7w1X7b3c88"
21:59:51 "infiSTAR.de - _randvar35: e91465w6w4D2w7d5c314k4Q5L"
21:59:51 "infiSTAR.de - _randvar36: t5X3U3q3c4U3w9U3Q2w689w"
21:59:51 "infiSTAR.de - _randvar327537: c5k2e116C3Q4w9b3e5T4e"
21:59:51 "infiSTAR.de - _randvar38: p4W8X812l2H8w211D0Q2U"
21:59:51 "infiSTAR.de - _randvar39: h1L2j8c7U4W087X0l311c4U"
21:59:51 "infiSTAR.de - _clickOnMapTimer: e0c8Q4j0X4e7j3U1e319T"
21:59:51 "infiSTAR.de - _clickOnMapCaught: c0h3T5q6j5q214l8j2c3T6h"
21:59:51 "infiSTAR.de - _fnc_handlerandvar10: f7D6L8j61881w7c4L2T0e"
21:59:51 "infiSTAR.de - _remark: h5W6Q3Q1c4L9e5C3b0e9w6X"
21:59:51 "infiSTAR.de - _AHpos: x3U6Q6q411X5D7D2c6L313j"
21:59:51 "infiSTAR.de - _loadedcheckpos: v2D717w3U9U2Q4C2w7c7U"
21:59:51 "infiSTAR.de - _loadedchecktime: z7l8c7w3b3e269U5b1Q7D2D"
21:59:51 "infiSTAR.de - _MenuChecksRunningx: i9e9b81412U4H186e2H2Q6H"
21:59:51 "infiSTAR.de - _oneachframe: k6Q6L4H4b7T881c4L6k4X7b"
21:59:51 "infiSTAR.de - _anotherloop: l3U1c8U8T2L7X5H1d1X8w"
21:59:51 "infiSTAR.de - _clientoncetwo: g2h0D482U1D3C1H1d0e4L"
21:59:51 "infiSTAR.de - _lastUnlock: b785l311q2C1X0h311Q6W"
21:59:51 "infiSTAR.de - _AdminReqCheck: y888Q8b88312L1e4d813c"
21:59:51 "infiSTAR.de - _antidupeCheckVar: u8H6L2H0w8Q7k1d2X6Q5d"
21:59:51 "infiSTAR.de - _antidupePVCheckVar: PVAHR_0_j6D2X1d0e8Q7T2T7H4q8D217M"
21:59:51 "infiSTAR.de - _antidupePVResVar: PVAHR_0_l6w815d4d2T314L1l4H4X"
21:59:51 "infiSTAR.de - _antiantihack_rndvar: PVAHR_0_u8c9Q3q2w6e6W861X4U6l"
21:59:51 "infiSTAR.de - _randvar327510: PVAHR_0_s8q2k4e2j8e3l6q9Q8L1c"
21:59:51 "infiSTAR.de - AntiHack LOADED!"
21:59:51 "infiSTAR.de - CREATING AdminMenu"
21:59:51 "infiSTAR.de - AdminMenu LOADED!"
21:59:51 "infiSTAR.de - ADDING PublicVariableEventHandlers"
21:59:51 "infiSTAR.de - AntiHack FULLY LOADED"
21:59:52 BIKE: loading version 2.5.1 ...
21:59:52 BIKE: adding bike to safe vehicle list...
21:59:52 "Loading Server Monitor & Server Executions!"
21:59:52 "Loading Dedicated Executions!"
21:59:52 "Res3tting B!S effects..."
21:59:52 "Fully loaded Init"
21:59:52 Warning: z\addons\dayz_communityassets\models\compass.p3d:0 Error while trying to generate ST for points: 863, 853, 852
21:59:53 ca\structures\ruins\glass_cullet_01.p3d: No geometry and no visual shape
21:59:53 ca\structures\ruins\glass_cullet_01.p3d: No geometry and no visual shape
21:59:53 ca\structures\ruins\glass_cullet_01.p3d: No geometry and no visual shape
21:59:53 ca\structures\ruins\glass_cullet_01.p3d: No geometry and no visual shape
21:59:53 ca\structures\ruins\glass_cullet_01.p3d: No geometry and no visual shape
21:59:53 ca\structures\ruins\glass_cullet_01.p3d: No geometry and no visual shape
21:59:53 ca\structures\ruins\glass_cullet_01.p3d: No geometry and no visual shape
21:59:53 ca\structures\ruins\glass_cullet_01.p3d: No geometry and no visual shape
21:59:53 ca\structures\ruins\glass_cullet_01.p3d: No geometry and no visual shape
21:59:53 ca\structures\ruins\glass_cullet_01.p3d: No geometry and no visual shape
21:59:53 ca\structures\ruins\glass_cullet_01.p3d: No geometry and no visual shape
21:59:53 ca\structures\ruins\glass_cullet_01.p3d: No geometry and no visual shape
21:59:53 ca\structures\ruins\glass_cullet_01.p3d: No geometry and no visual shape
21:59:53 ca\structures\ruins\glass_cullet_01.p3d: No geometry and no visual shape
21:59:53 ca\structures\ruins\glass_cullet_01.p3d: No geometry and no visual shape
21:59:53 ca\structures\ruins\glass_cullet_01.p3d: No geometry and no visual shape
21:59:53 ca\structures\ruins\glass_cullet_01.p3d: No geometry and no visual shape
21:59:53 ca\structures\ruins\glass_cullet_01.p3d: No geometry and no visual shape
21:59:53 ca\structures\ruins\glass_cullet_01.p3d: No geometry and no visual shape
21:59:53 ca\structures\ruins\glass_cullet_01.p3d: No geometry and no visual shape
21:59:53 Cannot create non-ai vehicle Land_stanek_3,
21:59:53 Cannot create non-ai vehicle LAND_MASH,
21:59:53 Cannot create non-ai vehicle LAND_Stan_east,
21:59:53 Cannot create non-ai vehicle LAND_P_Stavebni_kozy,
21:59:53 Cannot create non-ai vehicle LAND_Misc_palletsfoiled,
21:59:53 Cannot create non-ai vehicle LAND_Misc_palletsfoiled_heap,
21:59:53 Cannot create non-ai vehicle LAND_P_ytong,
21:59:53 Cannot create non-ai vehicle LAND_Misc_palletsfoiled,
21:59:53 Cannot create non-ai vehicle LAND_Misc_palletsfoiled,
21:59:53 Cannot create non-ai vehicle LAND_P_Ladder,
21:59:53 Cannot create non-ai vehicle LAND_garbage_misc,
21:59:53 "HIVE: Starting"
21:59:53 "HIVE: trying to get objects"
21:59:53 "HIVE: found 499 objects"
21:59:53 "HIVE: Commence Object Streaming..."
21:59:53 "HIVE: got 190 Epoch Objects and 309 Vehicles"
21:59:53 AH6X_DZ: FLIR_turret - unknown animation source FLIR_turret
21:59:53 AH6X_DZ: FLIR_gun - unknown animation source FLIR_gun
21:59:53 UH1Y_DZE: ObsTurret - unknown animation source ObsTurret
21:59:53 UH1Y_DZE: ObsGun - unknown animation source ObsGun
21:59:53 350z_pink: ABSwitch - unknown animation source ABSwitch
21:59:54 "[VEHICLE CLEANUP ZONE]: selecting world to cleanup ..."
21:59:54 350z_blue: ABSwitch - unknown animation source ABSwitch
21:59:54 350z_white: ABSwitch - unknown animation source ABSwitch
21:59:54 350z_black: ABSwitch - unknown animation source ABSwitch
21:59:54 350z_yellow: ABSwitch - unknown animation source ABSwitch
21:59:55 350z_city: ABSwitch - unknown animation source ABSwitch
21:59:55 350z_gold: ABSwitch - unknown animation source ABSwitch
21:59:55 350z_v: ABSwitch - unknown animation source ABSwitch
21:59:55 350z_green: ABSwitch - unknown animation source ABSwitch
21:59:56 350z_red: ABSwitch - unknown animation source ABSwitch
21:59:56 350z: ABSwitch - unknown animation source ABSwitch
21:59:56 350z_silver: ABSwitch - unknown animation source ABSwitch
21:59:57 "HIVE: Spawning # of Vehicles: 5"
21:59:57 "HIVE: Spawning # of Debris: 0"
21:59:57 "HIVE: Spawning # of Ammo Boxes: 0"
21:59:57 "HIVE: Spawning # of Veins: 1"
21:59:57 "Total Number of spawn locations 5"
21:59:57 "PUBLISH: Attempt 306550c0# 1059959: lr.p3d"
21:59:57 "HIVE: WRITE: "CHILD:308:11:LandRover_TK_CIV_EP1:0:0:[59,[8988.31,8804.94,0.0418396]]:[]:[["glass1",0.397654],["glass2",0.216942],["glass3",0.227819],["motor",0.489969],["palivo",0.55315],["wheel_1_1_steering",0.397446],["wheel_1_2_steering",0.593169],["wheel_2_1_steering",0.204077],["wheel_2_2_steering",0.55459],["sklo predni P",0.182907],["sklo predni L",0.572107],["karoserie",0.5331],["wheel_1_4_steering",0.302482],["wheel_2_4_steering",0.203291],["wheel_1_3_steering",0.514106],["wheel_2_3_steering",0.228768],["glass4",0.536653]]:0.0780421:8988388049059:""
21:59:57 "PUBLISH: Attempt 2ff590c0# 1059960: kamaz.p3d"
21:59:57 "HIVE: WRITE: "CHILD:308:11:Kamaz:0:0:[16,[6255.87,3455.32,0.00507736]]:[]:[["wheel_1_1_steering",0.553364],["wheel_2_1_steering",0.290819],["wheel_1_4_steering",0.466705],["wheel_2_4_steering",0.487744],["wheel_1_3_steering",0.454679],["wheel_2_3_steering",0.561167],["wheel_1_2_steering",0.503255],["wheel_2_2_steering",0.138684],["motor",0.56291],["sklo predni P",0.283462],["sklo predni L",0.419717],["karoserie",0.15516],["palivo",0.334798],["glass1",0.460762],["glass2",0.54087],["glass3",0.431016],["glass4",0.101636]]:0.820738:6255934553016:""
21:59:57 "DEBUG: Too many vehicles at [11104.6,5376.54]"
21:59:57 "PUBLISH: Attempt 2c2cf040# 1059961: v3s_open.p3d"
21:59:57 "HIVE: WRITE: "CHILD:308:11:V3S_Open_TK_EP1:0:0:[44,[8829.81,11853.5,0.000976563]]:[]:[["wheel_1_1_steering",0.220337],["wheel_1_2_steering",0.349239],["wheel_1_3_steering",0.434649],["wheel_2_1_steering",0.302564],["wheel_2_2_steering",0.26897],["wheel_2_3_steering",0.227439],["wheel_1_4_steering",0.449529],["wheel_2_4_steering",0.423851],["motor",0.436613],["sklo predni P",0.495058],["sklo predni L",0.418146],["karoserie",0.238816],["palivo",0.353549],["glass1",0.464199],["glass2",0.445197],["glass3",0.174306],["glass4",0.593504]]:0.869307:88298118535044:""
21:59:57 "EPOCH EVENTS INIT"
21:59:57 Warning Message: Script z\addons\dayz_server\WAI\customsettings.sqf not found
21:59:57 "WAI: AI Config File Loaded"
21:59:57 "WAI: AI Monitor Started"
21:59:57 "WAI: Initialising missions"
22:00:07 "infiSTAR.de - Player-Log: Ziltoid(76561198028236135) - 0h 00min | ******ADMIN******"
22:00:16 "infiSTAR.de PlayerConnected: ["76561198028236135","Ziltoid"]"
22:00:16 "infiSTAR.de PlayerConnected: ["","__SERVER__"]"
22:00:17 "HIVE: WRITE: "CHILD:388:6255934553016:""
22:00:17 "CUSTOM: Selected "58648""
22:00:17 "PUBLISH: Created Kamaz with ID "6255934553016""
22:00:17 "HIVE: WRITE: "CHILD:388:8988388049059:""
22:00:17 "CUSTOM: Selected "58647""
22:00:17 "PUBLISH: Created LandRover_TK_CIV_EP1 with ID "8988388049059""
22:00:17 "HIVE: WRITE: "CHILD:388:88298118535044:""
22:00:17 "CUSTOM: Selected "58649""
22:00:17 "PUBLISH: Created V3S_Open_TK_EP1 with ID "88298118535044""
22:00:21 "TIME SYNC: Local Time set to [2013,8,3,14,0]"
22:00:22 "infiSTAR.de fnc_AdminFirstReq: [1234,B 1-1-C:1 (Ziltoid) REMOTE,"76561198028236135"]"
22:00:22 "infiSTAR.de ******ADMIN-LOGIN******: Ziltoid(76561198028236135)"
22:00:22 "infiSTAR.de fnc_AdminReqProceed: [1234,B 1-1-C:1 (Ziltoid) REMOTE,"76561198028236135"]"
22:00:24 "infiSTAR.de Log: Ziltoid(76561198028236135) -    Left SafeZone @141125"
